 Visible OpenACC devices:            1
 errorU,errorT:    1.000000000000000        4.3033215678464631E-002
 errorU,errorT:   0.4817618308889293        0.1224300527037095     
 errorU,errorT:   0.3096314901375869        0.1943400707880027     
 errorU,errorT:   0.2141411294193326        0.2570718310839283     
 errorU,errorT:   0.1415213484846707        0.3033178901674550     
 errorU,errorT:   8.4117308881232547E-002   0.3218199241964230     
 errorU,errorT:   8.5559152988376450E-002   0.3089090000898329     
 errorU,errorT:   0.1552334132234104        0.2711046088166705     
 errorU,errorT:   0.2423777982875453        0.2174385866614169     
 errorU,errorT:   0.3333070686515631        0.1609682539503004     
 errorU,errorT:   0.4262477231795609        0.1164176964662301     
 errorU,errorT:   0.5038303695440975        9.8993582749096656E-002
 errorU,errorT:   0.5122591636980561        0.1108821756489432     
 errorU,errorT:   0.4354978432379750        0.1361063557961546     
 errorU,errorT:   0.3381849931494258        0.1630125353105874     
 errorU,errorT:   0.2565923852129047        0.1860452670865085     
 errorU,errorT:   0.1939576678231502        0.1999892948170072     
 errorU,errorT:   0.1551570419106310        0.1988201171228601     
 errorU,errorT:   0.1584886477037963        0.1819310811608209     
 errorU,errorT:   0.2153086164108998        0.1534467298219186     
 errorU,errorT:   0.3124332723368585        0.1175247191604952     
 errorU,errorT:   0.4206730816273257        8.1458890756128888E-002
t_ff=    10.00034 NuVolAvg=  2.97375E+00 ReVolRMS=  9.66973E+01
 errorU,errorT:   0.4679574165859143        5.6844475039997976E-002
 errorU,errorT:   0.4096479769640531        5.6478136502819638E-002
 errorU,errorT:   0.3130638094110021        7.3205335320023407E-002
 errorU,errorT:   0.2293220842746728        9.2629822904932976E-002
 errorU,errorT:   0.1642754977556864        0.1090952900783698     
 errorU,errorT:   0.1140161699335966        0.1199776961839490     
 errorU,errorT:   8.3746508909857423E-002   0.1230270360427721     
 errorU,errorT:   8.9519971087843264E-002   0.1170715029366683     
 errorU,errorT:   0.1195830171388290        0.1035039769643242     
 errorU,errorT:   0.1537066858114373        8.5823894687123023E-002
 errorU,errorT:   0.1879381798736448        6.7150932627081397E-002
 errorU,errorT:   0.2211465752246093        4.9592410276298488E-002
 errorU,errorT:   0.2455353378176034        3.7957472035734900E-002
 errorU,errorT:   0.2493475018966108        3.8760390559808899E-002
 errorU,errorT:   0.2258535538305383        4.8623270434144057E-002
 errorU,errorT:   0.1810281052719548        5.9470857835002874E-002
 errorU,errorT:   0.1280999110919301        6.7227174632357764E-002
 errorU,errorT:   8.0067501161133578E-002   7.0343509278118915E-002
 errorU,errorT:   5.9903587757469311E-002   6.8386965148653597E-002
 errorU,errorT:   8.6176201589509810E-002   6.1638896260944660E-002
 errorU,errorT:   0.1269811892544298        5.0927330814561397E-002
 errorU,errorT:   0.1601967230110133        3.7521009085419624E-002
t_ff=    20.00023 NuVolAvg=  5.76246E+00 ReVolRMS=  9.11372E+01
 errorU,errorT:   0.1760132961084591        2.3359166026503737E-002
 errorU,errorT:   0.1725206010724223        1.3523883183410582E-002
 errorU,errorT:   0.1543428869105113        1.8360981128673522E-002
 errorU,errorT:   0.1278340472178059        2.9736669688532006E-002
 errorU,errorT:   9.7618334079964883E-002   4.0019803511543856E-002
 errorU,errorT:   6.6491324122323781E-002   4.7211537492981549E-002
 errorU,errorT:   3.7963483390072716E-002   5.0462816656222993E-002
 errorU,errorT:   2.6975940368679348E-002   4.9497578753431783E-002
 errorU,errorT:   4.6277033638050705E-002   4.4580246282385022E-002
 errorU,errorT:   7.2039090936955139E-002   3.6471259541023274E-002
 errorU,errorT:   9.4871796263002725E-002   2.6328785526271655E-002
 errorU,errorT:   0.1112508106877255        1.5874493577413235E-002
 errorU,errorT:   0.1185264652382763        9.6503259556734340E-003
 errorU,errorT:   0.1150703021164056        1.4238975718686068E-002
 errorU,errorT:   0.1010457947226321        2.2048549999669619E-002
 errorU,errorT:   7.8568047234112551E-002   2.8445468986034988E-002
 errorU,errorT:   5.1345699324525193E-002   3.2339617928412383E-002
 errorU,errorT:   2.6612920016084361E-002   3.3413858507618986E-002
 errorU,errorT:   2.7572491195881649E-002   3.1718196847310746E-002
 errorU,errorT:   4.8961936066175417E-002   2.7582111305165739E-002
 errorU,errorT:   6.8233336757101054E-002   2.1576151126156823E-002
 errorU,errorT:   8.0249404035881697E-002   1.4527641373801286E-002
t_ff=    30.00011 NuVolAvg=  7.82774E+00 ReVolRMS=  9.58237E+01
 errorU,errorT:   8.3909126282123131E-002   7.9722891262906034E-003
 errorU,errorT:   7.9936416354070353E-002   6.8427028165819331E-003
 errorU,errorT:   7.0034721625943430E-002   1.1854422891805546E-002
 errorU,errorT:   5.6170331384713897E-002   1.7102833625585963E-002
 errorU,errorT:   4.0240382895507888E-002   2.0954510777787521E-002
 errorU,errorT:   2.4482208011878802E-002   2.2947793481251918E-002
 errorU,errorT:   1.4891683012563457E-002   2.2965884778855482E-002
 errorU,errorT:   2.1428019999501387E-002   2.1119161990438069E-002
 errorU,errorT:   3.3933744885914482E-002   1.7704850915186879E-002
 errorU,errorT:   4.5110934312348645E-002   1.3182088707404303E-002
 errorU,errorT:   5.2886839188190718E-002   8.2213036894381187E-003
 errorU,errorT:   5.6244244283893761E-002   4.4114243737423684E-003
 errorU,errorT:   5.4748016624951525E-002   5.6730127010531416E-003
 errorU,errorT:   4.8576013334331015E-002   9.4323981885680204E-003
 errorU,errorT:   3.8539504261066768E-002   1.2706320821695599E-002
 errorU,errorT:   2.6085646292362635E-002   1.4840881489726107E-002
 errorU,errorT:   1.3960029560188792E-002   1.5638110877493453E-002
 errorU,errorT:   1.1485170396705701E-002   1.5090152187105570E-002
 errorU,errorT:   2.0673023594130098E-002   1.3329089971022636E-002
 errorU,errorT:   2.9925318193597075E-002   1.0605014786434204E-002
 errorU,errorT:   3.6285473071540834E-002   7.2859668475549269E-003
 errorU,errorT:   3.9064782906661939E-002   4.0115198125078438E-003
t_ff=    40.00045 NuVolAvg=  8.75053E+00 ReVolRMS=  9.94833E+01
 errorU,errorT:   3.8285828788143760E-002   2.9521169204648852E-003
 errorU,errorT:   3.4394976817206095E-002   5.2536304604257041E-003
 errorU,errorT:   2.8099153201965321E-002   7.8254905184662309E-003
 errorU,errorT:   2.0273215584320877E-002   9.7362029258525294E-003
 errorU,errorT:   1.2096220551430878E-002   1.0745341328514102E-002
 errorU,errorT:   6.7854504474878169E-003   1.0792998085091104E-002
 errorU,errorT:   1.0355443251834018E-002   9.9321686087365368E-003
 errorU,errorT:   1.6776152834330756E-002   8.3062045849237893E-003
 errorU,errorT:   2.2188586603080658E-002   6.1356321909946093E-003
 errorU,errorT:   2.5684326526999555E-002   3.7406689046118103E-003
 errorU,errorT:   2.6912519364186080E-002   1.9127360833985085E-003
 errorU,errorT:   2.5813470567301731E-002   2.6774294811377922E-003
 errorU,errorT:   2.2585862575428991E-002   4.5260081809815941E-003
 errorU,errorT:   1.7674103222692489E-002   6.0801357957871874E-003
 errorU,errorT:   1.1788758926627459E-002   7.0651776038274782E-003
 errorU,errorT:   6.3208940199032714E-003   7.4007959090712635E-003
 errorU,errorT:   5.7452188673891656E-003   7.0935885152868606E-003
 errorU,errorT:   1.0058560669342922E-002   6.2154938844794201E-003
 errorU,errorT:   1.4276150307934304E-002   4.8934446219422792E-003
 errorU,errorT:   1.7167994315748156E-002   3.3113410487810029E-003
 errorU,errorT:   1.8426184775832036E-002   1.8019405750937995E-003
 errorU,errorT:   1.8038670345612493E-002   1.4736426826356792E-003
t_ff=    50.00034 NuVolAvg=  8.99654E+00 ReVolRMS=  1.00384E+02
 errorU,errorT:   1.6177013686642278E-002   2.6011567527659345E-003
 errorU,errorT:   1.3144144138799274E-002   3.7855780923601989E-003
 errorU,errorT:   9.3507808077384989E-003   4.6429996641868853E-003
 errorU,errorT:   5.4078169075060878E-003   5.0703124865021714E-003
 errorU,errorT:   3.1763524067128781E-003   5.0449128228236377E-003
 errorU,errorT:   5.3192521017775378E-003   4.5959521049480610E-003
 errorU,errorT:   8.4173929841896596E-003   3.7940899616105213E-003
 errorU,errorT:   1.0895608422811984E-002   2.7460360129390560E-003
 errorU,errorT:   1.2385317473162899E-002   1.6101717843004036E-003
 errorU,errorT:   1.2762433911980921E-002   8.3461161862400876E-004
 errorU,errorT:   1.2040371963017958E-002   1.3586950296321833E-003
 errorU,errorT:   1.0348410804596779E-002   2.2445632841944937E-003
 errorU,errorT:   7.9212686322133810E-003   2.9563161432017275E-003
 errorU,errorT:   5.1164187831831062E-003   3.3866111367202517E-003
 errorU,errorT:   2.6957754117773588E-003   3.5043132970655096E-003
 errorU,errorT:   2.9328401070906223E-003   3.3174537351871015E-003
 errorU,errorT:   5.0508930889735940E-003   2.8646610337371243E-003
 errorU,errorT:   6.9789379314290426E-003   2.2106788890749350E-003
 errorU,errorT:   8.2563733797619328E-003   1.4493672758421614E-003
 errorU,errorT:   8.7586470300334025E-003   7.6776789004143089E-004
 errorU,errorT:   8.4850224918067187E-003   7.6069222858275633E-004
 errorU,errorT:   7.5181962347122206E-003   1.3300923782404721E-003
 errorU,errorT:   6.0053430862886687E-003   1.8726407223439972E-003
t_ff=    60.00022 NuVolAvg=  8.98803E+00 ReVolRMS=  1.00186E+02
 errorU,errorT:   4.1527818206479692E-003   2.2467072078843353E-003
 errorU,errorT:   2.2972155845837018E-003   2.4121608369784301E-003
 errorU,errorT:   1.5746905125430626E-003   2.3632900510289572E-003
 errorU,errorT:   2.8172981970696425E-003   2.1179030225937424E-003
 errorU,errorT:   4.2675723505669451E-003   1.7128058707132395E-003
 errorU,errorT:   5.3633683992641524E-003   1.2018224409294667E-003
 errorU,errorT:   5.9635123764866871E-003   6.6869893929487833E-004
 errorU,errorT:   6.0282924261909768E-003   3.9281828032600500E-004
 errorU,errorT:   5.5808385421142193E-003   7.2023453621537011E-004
 errorU,errorT:   4.6963931012222859E-003   1.1332399361441137E-003
 errorU,errorT:   3.4971470930496187E-003   1.4486716944571234E-003
 errorU,errorT:   2.1678958172001717E-003   1.6260186187263962E-003
 errorU,errorT:   1.1611778467096739E-003   1.6544983479957905E-003
 errorU,errorT:   1.5528169606931934E-003   1.5408170802947670E-003
 errorU,errorT:   2.5717347895891393E-003   1.3057094909412934E-003
 errorU,errorT:   3.4369387477264260E-003   9.8211624738788221E-004
 errorU,errorT:   3.9806908725224443E-003   6.1838589255932782E-004
 errorU,errorT:   4.1555409211540151E-003   3.2560639963730262E-004
 errorU,errorT:   3.9665912556240057E-003   4.0339567783869318E-004
 errorU,errorT:   3.4568573353305565E-003   6.8286882296547560E-004
 errorU,errorT:   2.7000299740014013E-003   9.2781853101099934E-004
 errorU,errorT:   1.8008958321507954E-003   1.0872372965964798E-003
t_ff=    70.00011 NuVolAvg=  8.92727E+00 ReVolRMS=  9.98126E+01
 errorU,errorT:   9.5121343468469624E-004   1.1460610956578157E-003
 errorU,errorT:   8.1909707050679579E-004   1.1039514607119525E-003
 errorU,errorT:   1.4835693524435192E-003   9.7123693061144337E-004
 errorU,errorT:   2.1507345049682999E-003   7.6696941912926910E-004
 errorU,errorT:   2.6269075159026452E-003   5.1847413360764805E-004
 errorU,errorT:   2.8589339071426988E-003   2.7209215761486412E-004
 errorU,errorT:   2.8358768125093603E-003   2.0077018555445902E-004
 errorU,errorT:   2.5753328279030799E-003   3.8241446090440815E-004
 errorU,errorT:   2.1185641426993067E-003   5.7223361037481201E-004
 errorU,errorT:   1.5285799861687903E-003   7.0978322409233948E-004
 errorU,errorT:   9.0364471449270209E-004   7.7986169446936219E-004
 errorU,errorT:   5.2497636583973310E-004   7.7924524473031178E-004
 errorU,errorT:   8.3029159058436227E-004   7.1258304501144230E-004
 errorU,errorT:   1.3114837138185249E-003   5.9095907890456100E-004
 errorU,errorT:   1.6948394152290136E-003   4.3121678198927504E-004
 errorU,errorT:   1.9191892484825101E-003   2.5886727275039597E-004
 errorU,errorT:   1.9676480979907889E-003   1.4320835494913364E-004
 errorU,errorT:   1.8461015970281523E-003   2.1655230881869204E-004
 errorU,errorT:   1.5776963287459670E-003   3.5002179027337436E-004
 errorU,errorT:   1.1999982594874737E-003   4.5903637080144159E-004
 errorU,errorT:   7.6712475298547139E-004   5.2518844864230365E-004
 errorU,errorT:   3.9421758853972692E-004   5.4309355037354809E-004
t_ff=    80.00045 NuVolAvg=  8.87833E+00 ReVolRMS=  9.95357E+01
 errorU,errorT:   4.4224712157984764E-004   5.1374270732825725E-004
 errorU,errorT:   7.7559502534177091E-004   4.4295523410089560E-004
 errorU,errorT:   1.0772522206758603E-003   3.4055253354513292E-004
 errorU,errorT:   1.2800326685327844E-003   2.2051891253709158E-004
 errorU,errorT:   1.3642174126014114E-003   1.0997844282556067E-004
 errorU,errorT:   1.3279852005998534E-003   1.0871652918857330E-004
 errorU,errorT:   1.1824392135118228E-003   2.0147010883750184E-004
 errorU,errorT:   9.4946779052798537E-004   2.8745634064345507E-004
 errorU,errorT:   6.6136718194458781E-004   3.4641845396660544E-004
 errorU,errorT:   3.7200826476101238E-004   3.7268133778455952E-004
 errorU,errorT:   2.5500542551200230E-004   3.6556597210385091E-004
 errorU,errorT:   4.4175288084346464E-004   3.2795474983914161E-004
 errorU,errorT:   6.6507206468237703E-004   2.6568231949967449E-004
 errorU,errorT:   8.3280994275292694E-004   1.8734794322757965E-004
 errorU,errorT:   9.2242935135118339E-004   1.0676695506018361E-004
 errorU,errorT:   9.2842318142104762E-004   6.7516643877821403E-005
 errorU,errorT:   8.5531960968374349E-004   1.1579336413240345E-004
 errorU,errorT:   7.1552455941869717E-004   1.7820816848396759E-004
 errorU,errorT:   5.2824328652841153E-004   2.2613400728538379E-004
 errorU,errorT:   3.2189175933224187E-004   2.5283742685841163E-004
 errorU,errorT:   1.6884644811495771E-004   2.5651551203678593E-004
 errorU,errorT:   2.4069055172462839E-004   2.3816795135739557E-004
t_ff=    90.00034 NuVolAvg=  8.85030E+00 ReVolRMS=  9.93799E+01
 errorU,errorT:   4.0146457126314820E-004   2.0098607566023212E-004
 errorU,errorT:   5.3612940055266850E-004   1.5001158474391927E-004
 errorU,errorT:   6.2079369827038923E-004   9.2496141861866157E-005
 errorU,errorT:   6.4833264764183897E-004   4.5332451359508321E-005
 errorU,errorT:   6.1936112168694559E-004   5.9944493590329769E-005
 errorU,errorT:   5.4035889613386016E-004   1.0505955235977340E-004
 errorU,errorT:   4.2275194561701792E-004   1.4354275501315573E-004
 errorU,errorT:   2.8314857311573385E-004   1.6835730832172655E-004
 errorU,errorT:   1.5237635583938960E-004   1.7742543759185703E-004
 errorU,errorT:   1.3213913559478635E-004   1.7081308793608435E-004
 errorU,errorT:   2.3305193709574900E-004   1.5020296913059462E-004
 errorU,errorT:   3.3512234893243788E-004   1.1863446440313185E-004
 errorU,errorT:   4.0744787432486789E-004   8.0509421299393224E-005
 errorU,errorT:   4.4169445285799103E-004   4.3596809896675218E-005
 errorU,errorT:   4.3636446898181130E-004   3.4294214544303141E-005
 errorU,errorT:   3.9443521087108540E-004   6.1378138395594580E-005
 errorU,errorT:   3.2248315571646612E-004   9.0070326238212860E-005
 errorU,errorT:   2.3032690766380370E-004   1.1085159732758384E-004
 errorU,errorT:   1.3323393137203694E-004   1.2123762456181546E-004
 errorU,errorT:   7.7544666947910150E-005   1.2069677029234183E-004
 errorU,errorT:   1.3019108058238935E-004   1.0994381847500029E-004
 errorU,errorT:   2.0574225240347702E-004   9.0690273624229815E-005
t_ff=   100.00022 NuVolAvg=  8.83716E+00 ReVolRMS=  9.93065E+01
 errorU,errorT:   2.6513089028325747E-004   6.5513479864462979E-005
 errorU,errorT:   2.9965258437214927E-004   3.8245597753033016E-005
 errorU,errorT:   3.0685078611590127E-004   1.9885944628950372E-005
 errorU,errorT:   2.8767129960793355E-004   3.2889210531271910E-005
 errorU,errorT:   2.4572753015703351E-004   5.4194700404152424E-005
 errorU,errorT:   1.8692095903136784E-004   7.1224775694173737E-005
 errorU,errorT:   1.1986273351233044E-004   8.1448832355984115E-005
 errorU,errorT:   6.3056628919639716E-005   8.4134539447365132E-005
 errorU,errorT:   7.0834738030620416E-005   7.9488940817998928E-005
 errorU,errorT:   1.2166875115964238E-004   6.8455138932196010E-005
 errorU,errorT:   1.6772688898300590E-004   5.2602800713483387E-005
 errorU,errorT:   1.9841364418051027E-004   3.4199950238767699E-005
 errorU,errorT:   2.1067067131778431E-004   1.7827180814133581E-005
 errorU,errorT:   2.0428488495351392E-004   1.8263940979232235E-005
 errorU,errorT:   1.8105525636841102E-004   3.2190169476184309E-005
 errorU,errorT:   1.4442956238656734E-004   4.5199463167363050E-005
 errorU,errorT:   9.9436503247639688E-005   5.4075080861102292E-005
 errorU,errorT:   5.4559925464588506E-005   5.7902385988488915E-005
 errorU,errorT:   3.8696530666827359E-005   5.6570916294420183E-005
 errorU,errorT:   6.9630784430270057E-005   5.0529335487619480E-005
 errorU,errorT:   1.0449348361582760E-004   4.0680701729311334E-005
 errorU,errorT:   1.3035597704863668E-004   2.8341139399236090E-005
t_ff=   110.00011 NuVolAvg=  8.83206E+00 ReVolRMS=  9.92771E+01
 errorU,errorT:   1.4399866131826214E-004   1.5596686501000531E-005
 errorU,errorT:   1.4464983952236688E-004   9.6067574072724416E-006
 errorU,errorT:   1.3305201113651046E-004   1.7814588201640006E-005
 errorU,errorT:   1.1116364181220650E-004   2.7680469332712010E-005
 errorU,errorT:   8.2014396801815816E-005   3.5128402245680564E-005
 errorU,errorT:   5.0136928643060076E-005   3.9226930981374539E-005
 errorU,errorT:   2.7106056413970993E-005   3.9736484395551279E-005
 errorU,errorT:   3.8309731957285393E-005   3.6835157592065600E-005
 errorU,errorT:   6.2865351246280408E-005   3.1036753659850564E-005
 errorU,errorT:   8.3399182867967993E-005   2.3146838320708176E-005
 errorU,errorT:   9.6168689482707329E-005   1.4348101167339451E-005
 errorU,errorT:   1.0007774440182498E-004   7.4758091525481462E-006
 errorU,errorT:   9.5247926720289352E-005   9.8940723049650570E-006
 errorU,errorT:   8.2710490177283541E-005   1.6702079168121637E-005
 errorU,errorT:   6.4255380412547980E-005   2.2528477107845170E-005
 errorU,errorT:   4.2470430905510402E-005   2.6252439745543810E-005
 errorU,errorT:   2.2282135521896085E-005   2.7542728438391415E-005
 errorU,errorT:   2.0487735110174496E-005   2.6409677624188397E-005
 errorU,errorT:   3.6774616148492278E-005   2.3115940894464528E-005
 errorU,errorT:   5.2637220703080029E-005   1.8132068410979835E-005
 errorU,errorT:   6.3745283910381851E-005   1.2131608284197886E-005
 errorU,errorT:   6.8903859569522156E-005   6.2992436667576621E-006
 errorU,errorT:   6.7918212767851470E-005   5.0460075623962274E-006
t_ff=   120.00045 NuVolAvg=  8.83053E+00 ReVolRMS=  9.92676E+01
 errorU,errorT:   6.1273472496975662E-005   9.5093876001934148E-006
 errorU,errorT:   5.0010469076532402E-005   1.4012128444133887E-005
 errorU,errorT:   3.5680629168841393E-005   1.7227777567120432E-005
 errorU,errorT:   2.0727127278544583E-005   1.8810142687405512E-005
 errorU,errorT:   1.2491068421756431E-005   1.8692554808636780E-005
 errorU,errorT:   2.0621399757263243E-005   1.6995891911303076E-005
 errorU,errorT:   3.2170859836321011E-005   1.3994411548138764E-005
 errorU,errorT:   4.1215845773859630E-005   1.0100089616509980E-005
 errorU,errorT:   4.6400666538875888E-005   5.9420359129427738E-006
 errorU,errorT:   4.7351329650325044E-005   3.3300735701068906E-006
 errorU,errorT:   4.4225797759822175E-005   5.3530009411043360E-006
 errorU,errorT:   3.7594878292937415E-005   8.5795874550370711E-006
 errorU,errorT:   2.8381081981247750E-005   1.1158132445709933E-005
 errorU,errorT:   1.7929301707658000E-005   1.2686476134643053E-005
 errorU,errorT:   9.2452157776720927E-006   1.3049130323580114E-005
 errorU,errorT:   1.1119549247803078E-005   1.2279055174945723E-005
 errorU,errorT:   1.9189447640114397E-005   1.0523531357757552E-005
 errorU,errorT:   2.6319672713314354E-005   8.0254841636051397E-006
 errorU,errorT:   3.1014250706571624E-005   5.1319402784266960E-006
 errorU,errorT:   3.2834262891309041E-005   2.5531022667229576E-006
 errorU,errorT:   3.1763108937493291E-005   2.7602747717918756E-006
 errorU,errorT:   2.8091301474810843E-005   5.0060055953379662E-006
t_ff=   130.00034 NuVolAvg=  8.83031E+00 ReVolRMS=  9.92657E+01
 errorU,errorT:   2.2364175328093221E-005   7.0362559581898357E-006
 errorU,errorT:   1.5376931698027299E-005   8.4041747500033399E-006
 errorU,errorT:   8.4919056282641435E-006   8.9816877946530449E-006
 errorU,errorT:   6.2281836659006301E-006   8.7579701765263311E-006
 errorU,errorT:   1.0987170635377098E-005   7.8069598521875691E-006
 errorU,errorT:   1.6318854186096664E-005   6.2728290545280234E-006
 errorU,errorT:   2.0252610602583529E-005   4.3661455571402775E-006
 errorU,errorT:   2.2289771865304250E-005   2.4317225977376468E-006
 errorU,errorT:   2.2314825722703256E-005   1.6136419969890482E-006
 errorU,errorT:   2.0448053265576731E-005   2.8692497714353129E-006
 errorU,errorT:   1.6997664990502927E-005   4.3670065662487729E-006
 errorU,errorT:   1.2436880235013309E-005   5.4942157126475009E-006
 errorU,errorT:   7.4764463921901875E-006   6.1036111542172977E-006
 errorU,errorT:   4.0230017747847457E-006   6.1578844720185004E-006
 errorU,errorT:   6.0460413852745588E-006   5.6853069727911151E-006
 errorU,errorT:   9.9037877048071278E-006   4.7660942459080068E-006
 errorU,errorT:   1.3072174874592047E-005   3.5248629130831913E-006
 errorU,errorT:   1.5017487212556524E-005   2.1427523537825474E-006
 errorU,errorT:   1.5583019937399150E-005   1.0695564096348800E-006
 errorU,errorT:   1.4794797941701909E-005   1.5204167362977654E-006
 errorU,errorT:   1.2818155857543902E-005   2.6025567163209746E-006
 errorU,errorT:   9.9358864748326527E-006   3.5077837129039861E-006
t_ff=   140.00022 NuVolAvg=  8.83044E+00 ReVolRMS=  9.92660E+01
 errorU,errorT:   6.5576880235719372E-006   4.0793793064296460E-006
 errorU,errorT:   3.4772186211036430E-006   4.2709719386765505E-006
 errorU,errorT:   3.2839062970691330E-006   4.0867445386630207E-006
 errorU,errorT:   5.7862401643510903E-006   3.5693491378334615E-006
 errorU,errorT:   8.2120069221354726E-006   2.7937133296216705E-006
 errorU,errorT:   9.8985762822557994E-006   1.8677931124325468E-006
 errorU,errorT:   1.0661949076724301E-005   9.8858045234649807E-007
 errorU,errorT:   1.0474180497180799E-005   8.3978649787726454E-007
 errorU,errorT:   9.4128999216296870E-006   1.5198848536089763E-006
 errorU,errorT:   7.6415378280012291E-006   2.2044258880171413E-006
 errorU,errorT:   5.4024019364122988E-006   2.6905762465480588E-006
 errorU,errorT:   3.0809401810329618E-006   2.9239558327805309E-006
 errorU,errorT:   1.8930766651072688E-006   2.8943933420367066E-006
 errorU,errorT:   3.2591815457010277E-006   2.6210170267700128E-006
 errorU,errorT:   5.0611809885467369E-006   2.1466144322238159E-006
 errorU,errorT:   6.4526863433013652E-006   1.5348859273945467E-006
 errorU,errorT:   7.2386285184867940E-006   8.8244902352779011E-007
 errorU,errorT:   7.3661666207932882E-006   4.8298110651220955E-007
 errorU,errorT:   6.8629269240707110E-006   8.3020299284110357E-007
 errorU,errorT:   5.8199173496194328E-006   1.3381493032771294E-006
 errorU,errorT:   4.3827347214774416E-006   1.7372644876014242E-006
 errorU,errorT:   2.7647042221542411E-006   1.9707916745985795E-006
t_ff=   150.00011 NuVolAvg=  8.83060E+00 ReVolRMS=  9.92667E+01
 errorU,errorT:   1.4506165761515449E-006   2.0226940996780757E-006
 errorU,errorT:   1.7733537563744695E-006   1.8991617399202845E-006
 errorU,errorT:   3.0127212668395370E-006   1.6238911828569691E-006
 errorU,errorT:   4.1026021191923333E-006   1.2354997073775278E-006
 errorU,errorT:   4.8136898442925467E-006   7.8977069295318167E-007
 errorU,errorT:   5.0788511745424762E-006   4.0505536086708730E-007
 errorU,errorT:   4.8966719999305138E-006   4.5331200644644888E-007
 errorU,errorT:   4.3133326736187645E-006   7.9557706728689322E-007
 errorU,errorT:   3.4143364062499778E-006   1.1044301304084088E-006
 errorU,errorT:   2.3239567218279507E-006   1.3108635389532349E-006
 errorU,errorT:   1.2590300042581027E-006   1.3949056479832880E-006
 errorU,errorT:   9.6379954221171993E-007   1.3550354765178572E-006
 errorU,errorT:   1.7358323232926742E-006   1.2029219296578873E-006
 errorU,errorT:   2.5636857408093557E-006   9.6103991768858236E-007
 errorU,errorT:   3.1671167757727449E-006   6.6193841250875824E-007
 errorU,errorT:   3.4739159849760071E-006   3.5887764932106449E-007
 errorU,errorT:   3.4682381164096907E-006   2.3997610493544160E-007
 errorU,errorT:   3.1701114125860242E-006   4.4714007486366531E-007
 errorU,errorT:   2.6284733823025946E-006   6.8134488651523969E-007
 errorU,errorT:   1.9179632239712205E-006   8.5522554044865460E-007
 errorU,errorT:   1.1516440292081620E-006   9.4782567702236890E-007
 errorU,errorT:   6.3609166882867180E-007   9.5408506033331860E-007
t_ff=   160.00045 NuVolAvg=  8.83070E+00 ReVolRMS=  9.92671E+01
 errorU,errorT:   9.5987137643578537E-007   8.7884758577315631E-007
 errorU,errorT:   1.5521812135004765E-006   7.3493997961360381E-007
 errorU,errorT:   2.0360768462677492E-006   5.4215492491000449E-007
 errorU,errorT:   2.3297723546232312E-006   3.2973118563053274E-007
 errorU,errorT:   2.4095041456536558E-006   1.7219997562049770E-007
 errorU,errorT:   2.2798854533524301E-006   2.4673218296089341E-007
 errorU,errorT:   1.9670862484836239E-006   4.1183550313465845E-007
 errorU,errorT:   1.5154011395827531E-006   5.4954541099907236E-007
 errorU,errorT:   9.8894832424998836E-007   6.3557284208761048E-007
 errorU,errorT:   5.1550565687058846E-007   6.6274660988906961E-007
 errorU,errorT:   5.1509780069721136E-007   6.3181508932314585E-007
 errorU,errorT:   9.1306879000589393E-007   5.4949413876695414E-007
 errorU,errorT:   1.2883416252262378E-006   4.2745498859286162E-007
 errorU,errorT:   1.5462805049366968E-006   2.8238688143537461E-007
 errorU,errorT:   1.6601587158205334E-006   1.4502573460369823E-007
 errorU,errorT:   1.6264958839925824E-006   1.2787748103146100E-007
 errorU,errorT:   1.4579398202732531E-006   2.3741309247957727E-007
 errorU,errorT:   1.1803607289013356E-006   3.4392669481985818E-007
 errorU,errorT:   8.3197310051380328E-007   4.1867284142735884E-007
 errorU,errorT:   4.7433636775987691E-007   4.5387063330375294E-007
 errorU,errorT:   3.0133967573801802E-007   4.4823259249896579E-007
 errorU,errorT:   5.1552626079278615E-007   4.0492433895542348E-007
t_ff=   170.00034 NuVolAvg=  8.83075E+00 ReVolRMS=  9.92674E+01
 errorU,errorT:   7.9209202545144377E-007   3.3075864042531427E-007
 errorU,errorT:   1.0043534284995162E-006   2.3585198183989807E-007
 errorU,errorT:   1.1224710903943370E-006   1.3588522715390446E-007
 errorU,errorT:   1.1385344537786161E-006   7.8768893943362210E-008
 errorU,errorT:   1.0571087153019890E-006   1.3348229294133411E-007
 errorU,errorT:   8.9255557167260951E-007   2.1104794002574791E-007
 errorU,errorT:   6.6766578079607347E-007   2.7173139048161846E-007
 errorU,errorT:   4.1591003328017064E-007   3.0674026270372345E-007
 errorU,errorT:   2.1628822878285015E-007   3.1362070785832770E-007
 errorU,errorT:   2.7990270595574923E-007   2.9338767048456635E-007
 errorU,errorT:   4.7470709043727703E-007   2.4976498322105400E-007
 errorU,errorT:   6.4280928134608444E-007   1.8876365450105749E-007
 errorU,errorT:   7.5119603737645927E-007   1.1901440473569545E-007
 errorU,errorT:   7.9012314039034512E-007   5.9259654738152333E-008
 errorU,errorT:   7.5973179608325629E-007   7.0099635752351312E-008
 errorU,errorT:   6.6745554297826265E-007   1.2439511273198163E-007
 errorU,errorT:   5.2679878189849529E-007   1.7226600473568150E-007
 errorU,errorT:   3.5737132577333554E-007   2.0389705019062205E-007
 errorU,errorT:   1.9397132170866195E-007   2.1642588679160853E-007
 errorU,errorT:   1.5381664452237706E-007   2.0973570362511556E-007
 errorU,errorT:   2.7376382770002291E-007   1.8572371932795426E-007
 errorU,errorT:   4.0074499178418001E-007   1.4795781155285352E-007
 errorU,errorT:   4.9264291000537375E-007   1.0161094461408202E-007
t_ff=   180.00022 NuVolAvg=  8.83077E+00 ReVolRMS=  9.92675E+01
 errorU,errorT:   5.3844448780685851E-007   5.5382792697084339E-008
 errorU,errorT:   5.3583551758834792E-007   3.9289028720364561E-008
 errorU,errorT:   4.8805649416159819E-007   7.1395519516179233E-008
 errorU,errorT:   4.0281264167018241E-007   1.0717518624963127E-007
 errorU,errorT:   2.9178450571175270E-007   1.3358449053707939E-007
 errorU,errorT:   1.7278518572865803E-007   1.4738620154864728E-007
 errorU,errorT:   9.6178885053109995E-008   1.4781891511666779E-007
 errorU,errorT:   1.5178223647149574E-007   1.3566218702948729E-007
 errorU,errorT:   2.4419987368285943E-007   1.1292828275556908E-007
 errorU,errorT:   3.1863684258148910E-007   8.2696311492728705E-008
 errorU,errorT:   3.6322362787854508E-007   4.9499224855540947E-008
 errorU,errorT:   3.7453146067648134E-007   2.5341283133586260E-008
 errorU,errorT:   3.5343107272520921E-007   3.8470380959876763E-008
 errorU,errorT:   3.0410320337235431E-007   6.4408596731823769E-008
 errorU,errorT:   2.3353266321424216E-007   8.5683516966719595E-008
 errorU,errorT:   1.5185043109626260E-007   9.8814891747729667E-008
 errorU,errorT:   7.9659749493250700E-008   1.0277846995066289E-007
 errorU,errorT:   8.2112721801193161E-008   9.7740385200258620E-008
 Elapsed seconds:    849.7047879000000     
