        2000  1.0000000000000000E+000  3.8355440709697597E-002
        4000  4.8178505280500644E-001  1.0969015190496996E-001
        6000  3.0964430446199243E-001  1.7454129259405557E-001
        8000  2.1415663620918593E-001  2.3038314229455001E-001
       10000  1.4153923216027142E-001  2.7036945311471472E-001
       12000  8.4120506545504556E-002  2.8746476982108798E-001
       14000  8.5513803459611792E-002  2.7992045123102871E-001
       16000  1.5518460209406826E-001  2.4896277413465040E-001
       18000  2.4234268201453668E-001  2.0142903879553481E-001
       20000  3.3328258440554165E-001  1.4897559346835937E-001
       22000  4.2622509164608452E-001  1.0521065807839945E-001
       24000  5.0380448675136158E-001  8.8325483894066262E-002
       26000  5.1223543339032096E-001  1.0109600454386176E-001
       28000  4.3547647106447446E-001  1.2081251818606485E-001
       30000  3.3816648797607929E-001  1.4646766179113505E-001
       32000  2.5658652057904507E-001  1.6861078176168653E-001
       34000  1.9396611271079794E-001  1.8340115213617580E-001
       36000  1.5515134833654795E-001  1.8298693582843031E-001
       38000  1.5844776010243425E-001  1.6455929516897849E-001
       40000  2.1525785905947373E-001  1.3782392984374855E-001
       42000  3.1237540447162021E-001  1.0818403131652185E-001
       44000  4.2062851251138550E-001  7.6764659349775485E-002
NuVolAvg =  2.9706947423978924E+000
ReVolAvg =  9.6705264586114438E+001
       46000  4.6801469498128329E-001  5.0085323115204694E-002
       48000  4.0979115453390569E-001  5.2187997188146353E-002
       50000  3.1321297128307291E-001  6.9879915176196350E-002
       52000  2.2944562111261327E-001  8.7255146790566909E-002
       54000  1.6436710104949509E-001  1.0375366423889040E-001
       56000  1.1406922397398570E-001  1.1363077520727159E-001
       58000  8.3731776122092649E-002  1.1448989823587763E-001
       60000  8.9446212261899014E-002  1.0569437658028470E-001
       62000  1.1950697731269562E-001  8.8310449374527256E-002
       64000  1.5364297511236830E-001  6.6330668757015571E-002
       66000  1.8789928289499397E-001  4.7169157787790697E-002
       68000  2.2114160716311970E-001  3.6110996175956110E-002
       70000  2.4557083046785971E-001  3.1792067371647463E-002
       72000  2.4942337743807727E-001  3.4676797434216845E-002
       74000  2.2595089492493931E-001  4.3492325174415619E-002
       76000  1.8111763419215421E-001  5.2320892450072438E-002
       78000  1.2815840312294510E-001  5.9109717158707761E-002
       80000  8.0070128061702314E-002  6.2125411603518789E-002
       82000  5.9828471197592312E-002  6.0810181121040974E-002
       84000  8.6109933645084902E-002  5.5400229191096446E-002
       86000  1.2696714125786088E-001  4.6346923840043817E-002
       88000  1.6024066742529344E-001  3.4508453755680277E-002
NuVolAvg =  5.7611307917428194E+000
ReVolAvg =  9.1133812200599564E+001
       90000  1.7610455495181029E-001  2.1118658620844978E-002
       92000  1.7263652213447947E-001  1.1730564788286272E-002
       94000  1.5446285202971130E-001  1.5754687234110675E-002
       96000  1.2794659546727144E-001  2.5333280641854743E-002
       98000  9.7718154231100460E-002  3.4676767795430601E-002
      100000  6.6574491764504320E-002  4.1319121043868985E-002
      102000  3.8023698405128738E-002  4.4313966596481867E-002
      104000  2.6993221168850966E-002  4.3452062160586516E-002
      106000  4.6282584624602267E-002  3.9036995508776241E-002
      108000  7.2060693709060028E-002  3.1791629403032332E-002
      110000  9.4914717797113815E-002  2.2720108774312422E-002
      112000  1.1131471202566530E-001  1.3216277813015488E-002
      114000  1.1860596739268205E-001  7.7606314335405520E-003
      116000  1.1515531767383501E-001  1.2794771112526740E-002
      118000  1.0112426274551198E-001  1.9261203471054120E-002
      120000  7.8629527329754687E-002  2.4616203353382469E-002
      122000  5.1383132590626157E-002  2.8025408861524846E-002
      124000  2.6622074925583612E-002  2.9118991471276445E-002
      126000  2.7577380171862089E-002  2.7829904623908532E-002
      128000  4.8988402973900863E-002  2.4393446469916140E-002
      130000  6.8276821556552986E-002  1.9253675097497133E-002
      132000  8.0302681790684990E-002  1.2946279696368718E-002
NuVolAvg =  7.8293749671110078E+000
ReVolAvg =  9.5826691035693031E+001
      134000  8.3964940902928276E-002  6.9188960081884264E-003
      136000  7.9988816492180051E-002  5.8217020904756042E-003
      138000  7.0079548144593801E-002  1.0163297866110045E-002
      140000  5.6204901597336369E-002  1.4599008929305362E-002
      142000  4.0263018493263678E-002  1.7910634500790484E-002
      144000  2.4492442104531088E-002  1.9675874430048815E-002
      146000  1.4896036635967882E-002  1.9742894432580510E-002
      148000  2.1444487912281127E-002  1.8189081838636201E-002
      150000  3.3963133708808234E-002  1.5288859364066418E-002
      152000  4.5150171780825483E-002  1.1419213916046569E-002
      154000  5.2931807112840464E-002  7.0639406811092336E-003
      156000  5.6289788201167340E-002  3.4893414444941875E-003
      158000  5.4788519530558834E-002  4.9004790006764217E-003
      160000  4.8606347095195720E-002  8.0675391701545592E-003
      162000  3.8556013336729762E-002  1.0829234263312604E-002
      164000  2.6087023194368831E-002  1.2702209543112849E-002
      166000  1.3950661287935765E-002  1.3476457738462276E-002
      168000  1.1496240175976809E-002  1.3099019012020935E-002
      170000  2.0703260502131688E-002  1.1662703045916449E-002
      172000  2.9962320269580678E-002  9.3598302173137447E-003
      174000  3.6323123597965287E-002  6.4643619965064200E-003
      176000  3.9098639475840205E-002  3.4822768779994421E-003
NuVolAvg =  8.7528951563227011E+000
ReVolAvg =  9.9489257571877104E+001
      178000  3.8312752162249809E-002  2.5734841432487432E-003
      180000  3.4413085668787709E-002  4.5247743822149165E-003
      182000  2.8107697292026688E-002  6.6922722032904660E-003
      184000  2.0272546149540438E-002  8.3276609639912329E-003
      186000  1.2088831395445929E-002  9.2195131503016309E-003
      188000  6.7863833658512061E-003  9.2921413845691841E-003
      190000  1.0376750513570917E-002  8.5751222653568972E-003
      192000  1.6804200994281614E-002  7.1945795453774415E-003
      194000  2.2218540145138507E-002  5.3288803297219488E-003
      196000  2.5712801596149911E-002  3.2043704724526068E-003
      198000  2.6936481380787448E-002  1.5237584504771131E-003
      200000  2.5830387770752073E-002  2.3359757400937568E-003
      202000  2.2594030540960885E-002  3.8730779065041347E-003
      204000  1.7672971870864869E-002  5.1646619694660535E-003
      206000  1.1779488785874407E-002  6.0143048557050509E-003
      208000  6.3104006741131775E-003  6.3323132794264611E-003
      210000  5.7578978701756794E-003  6.1032959501545157E-003
      212000  1.0082351054746058E-002  5.3797702733009373E-003
      214000  1.4301588583990858E-002  4.2605052831319956E-003
      216000  1.7191309656180914E-002  2.8823214121361088E-003
      218000  1.8444923777775443E-002  1.5368788260682351E-003
      220000  1.8051244230765491E-002  1.2586020196905913E-003
NuVolAvg =  8.9990830281460550E+000
ReVolAvg =  1.0039009907218885E+002
      222000  1.6182639195764632E-002  2.2285101362453036E-003
      224000  1.3142821600047245E-002  3.2236291854231707E-003
      226000  9.3433984366346045E-003  3.9595759502829390E-003
      228000  5.3973938230254554E-003  4.3429724902071315E-003
      230000  3.1786906771637657E-003  4.3419557202809692E-003
      232000  5.3369927121399725E-003  3.9731745269229006E-003
      234000  8.4378480242154729E-003  3.2984332258613400E-003
      236000  1.0915224689631322E-002  2.3994728198178756E-003
      238000  1.2401939890332428E-002  1.3867931407456995E-003
      240000  1.2774447644962975E-002  6.7878822586536845E-004
      242000  1.2046710016467141E-002  1.1813809988186939E-003
      244000  1.0348658012470431E-002  1.9152967894650989E-003
      246000  7.9157910336243430E-003  2.5097139377277585E-003
      248000  5.1068188910281462E-003  2.8823659366094810E-003
      250000  2.6891038573151724E-003  2.9964461985161712E-003
      252000  2.9442342529303403E-003  2.8501307129276355E-003
      254000  5.0673614140657941E-003  2.4737044750029785E-003
      256000  6.9950954849592791E-003  1.9170361341071312E-003
      258000  8.2700807217199416E-003  1.2510133765592925E-003
      260000  8.7685805850991200E-003  6.5241383130305234E-004
      262000  8.4904208470436213E-003  6.5105059263007459E-004
      264000  7.5188267397108960E-003  1.1410399708224341E-003
      266000  6.0015018104423029E-003  1.5948633980128377E-003
NuVolAvg =  8.9903074390779754E+000
ReVolAvg =  1.0019088836366765E+002
      268000  4.1454205295156565E-003  1.9158844409835252E-003
      270000  2.2892875743223918E-003  2.0657276519160488E-003
      272000  1.5792272314613465E-003  2.0334313929694023E-003
      274000  2.8297440421270054E-003  1.8306743228294210E-003
      276000  4.2806006838905768E-003  1.4894741384731424E-003
      278000  5.3749479128950457E-003  1.0494835016500888E-003
      280000  5.9724527099570875E-003  5.6759263031348935E-004
      282000  6.0338172712265563E-003  3.2987716369437578E-004
      284000  5.5825676059625623E-003  6.2328782514363076E-004
      286000  4.6943700576909352E-003  9.6400305939514565E-004
      288000  3.4919038166877276E-003  1.2287751305976521E-003
      290000  2.1608732347592704E-003  1.3835573448003663E-003
      292000  1.1587162318092577E-003  1.4142397486332796E-003
      294000  1.5612105268650418E-003  1.3229317774457422E-003
      296000  2.5819601222804391E-003  1.1265480865418579E-003
      298000  3.4463664518304005E-003  8.4998895552787740E-004
      300000  3.9881929176693344E-003  5.2998616810619604E-004
      302000  4.1604461198559506E-003  2.7635796209948588E-004
      304000  3.9685690981627816E-003  3.4659617437079429E-004
      306000  3.4559009829490824E-003  5.8467591801416208E-004
      308000  2.6964620460295597E-003  7.8999715786912280E-004
      310000  1.7954944988569990E-003  9.2767356177865599E-004
NuVolAvg =  8.9292689936317888E+000
ReVolAvg =  9.9815367071389915E+001
      312000  9.4657778393413081E-004  9.8222296100206313E-004
      314000  8.2370350670852980E-004  9.5057016610359884E-004
      316000  1.4913960225652046E-003  8.4023493193319330E-004
      318000  2.1583704492722537E-003  6.6764420202257901E-004
      320000  2.6333005746747204E-003  4.5234185279129866E-004
      322000  2.8634723522739033E-003  2.2525747668978281E-004
      324000  2.8382104681109639E-003  1.7338600538163186E-004
      326000  2.5753595478481871E-003  3.2979628464945249E-004
      328000  2.1164366851130654E-003  4.8628105720058669E-004
      330000  1.5247510812693270E-003  6.0236671382571058E-004
      332000  8.9926887744673327E-004  6.6408588832100716E-004
      334000  5.2515557356588893E-004  6.6642763232678136E-004
      336000  8.3577127180396520E-004  6.1190677494409376E-004
      338000  1.3174330769147639E-003  5.0974109312500247E-004
      340000  1.7000434901490360E-003  3.7253619996001830E-004
      342000  1.9230802283717911E-003  2.1936914337530996E-004
      344000  1.9699051739275855E-003  1.2084445999361920E-004
      346000  1.8466022568551820E-003  1.8675871818287841E-004
      348000  1.5765074700955508E-003  2.9914526460591212E-004
      350000  1.1973835966848727E-003  3.9082926749437814E-004
      352000  7.6366493732595009E-004  4.4837125257710716E-004
      354000  3.9213149022888287E-004  4.6575385401427944E-004
NuVolAvg =  8.8801757604526035E+000
ReVolAvg =  9.9537460947333599E+001
      356000  4.4572830496859866E-004  4.4258810391241800E-004
      358000  7.8017227391702056E-004  3.8345247102374464E-004
      360000  1.0814754049975482E-003  2.9657633692320413E-004
      362000  1.2833821174833746E-003  1.9180779826454030E-004
      364000  1.3663958373753120E-003  8.9638708293986841E-005
      366000  1.3288473408263686E-003  9.4710376445636483E-005
      368000  1.1819838193060277E-003  1.7304898075295693E-004
      370000  9.4783953167722418E-004  2.4412958772253247E-004
      372000  6.5889469547708612E-004  2.9422167891487717E-004
      374000  3.6958312651095865E-004  3.1767818876203313E-004
      376000  2.5613727566949464E-004  3.1290416633410076E-004
      378000  4.4504136833875996E-004  2.8180385900354783E-004
      380000  6.6836764562164621E-004  2.2922222057174247E-004
      382000  8.3555954574129855E-004  1.6161885616596387E-004
      384000  9.2435687026377531E-004  8.9283624258230536E-005
      386000  9.2938364017215659E-004  5.6957116796154986E-005
      388000  8.5527933255446597E-004  1.0002121686853390E-004
      390000  7.1455668013793348E-004  1.5211289367740341E-004
      392000  5.2653608199880128E-004  1.9260998147415214E-004
      394000  3.1986081689968623E-004  2.1603747892814069E-004
      396000  1.6829683416958195E-004  2.2015688626140365E-004
      398000  2.4293915320309283E-004  2.0529137501688492E-004
NuVolAvg =  8.8520823476038029E+000
ReVolAvg =  9.9381347073975618E+001
      400000  4.0401398373097970E-004  1.7410421562721076E-004
      402000  5.3837250432896538E-004  1.3062925746443147E-004
      404000  6.2248042959359097E-004  7.9942487085971601E-005
      406000  6.4932460539229050E-004  3.6791669689922949E-005
      408000  6.1960457008943329E-004  5.2256840642848540E-005
      410000  5.3988039441116753E-004  8.9955347562419100E-005
      412000  4.2165974390002471E-004  1.2189952950639742E-004
      414000  2.8166653647832560E-004  1.4312439940035177E-004
      416000  1.5119478487138016E-004  1.5139781240686636E-004
      418000  1.3324985695356212E-004  1.4632758528415680E-004
      420000  2.3491755293550190E-004  1.2915992389076977E-004
      422000  3.3688201152915929E-004  1.0235977442343300E-004
      424000  4.0885025329137533E-004  6.9291818341516903E-005
      426000  4.4260935152922874E-004  3.6242070484924635E-005
      428000  4.3673067560277417E-004  2.9228373197972463E-005
      430000  3.9425230648893150E-004  5.2938034999023326E-005
      432000  3.2180937560870120E-004  7.6812289629543855E-005
      434000  2.2928766932124345E-004  9.4469050377648538E-005
      436000  1.3212517736863023E-004  1.0368196991041804E-004
      438000  7.7692799012880545E-005  1.0366606512272823E-004
      440000  1.3151819671591383E-004  9.4813799809946491E-005
      442000  2.0711142505747102E-004  7.8608696375538319E-005
NuVolAvg =  8.8389398202905856E+000
ReVolAvg =  9.9307833236572293E+001
      444000  2.6628465308745319E-004  5.7014090845949334E-005
      446000  3.0047302028723749E-004  3.2673646608863712E-005
      448000  3.0727618173369948E-004  1.6299001592902891E-005
      450000  2.8768577202683117E-004  2.8632431144171511E-005
      452000  2.4535875441884168E-004  4.6296770688232632E-005
      454000  1.8624190258721289E-004  6.0504989812737648E-005
      456000  1.1902192210154254E-004  6.9314941435556445E-005
      458000  6.2589461648286174E-005  7.1869276523289983E-005
      460000  7.1621502624755534E-005  6.8151313066645231E-005
      462000  1.2268560977974410E-004  5.8908243128387708E-005
      464000  1.6863961190732586E-004  4.5380631088743319E-005
      466000  1.9910794458330702E-004  2.9313645676420884E-005
      468000  2.1108689523676217E-004  1.4832786562642087E-005
      470000  2.0439940725378811E-004  1.5728450031219876E-005
      472000  1.8087699086725222E-004  2.7697255428337748E-005
      474000  1.4399913370982277E-004  3.8528999383184601E-005
      476000  9.8834421515034678E-005  4.6115216264304629E-005
      478000  5.4000907594560804E-005  4.9560738584287100E-005
      480000  3.9013429988115738E-005  4.8620898480367070E-005
      482000  7.0371652621864137E-005  4.3593579060219155E-005
      484000  1.0520850080661684E-004  3.5275971265441267E-005
      486000  1.3093389333007220E-004  2.4627298940174687E-005
NuVolAvg =  8.8338419342023808E+000
ReVolAvg =  9.9278461017374156E+001
      488000  1.4438491188326123E-004  1.3051226068451429E-005
      490000  1.4481825975771667E-004  8.1378376118152637E-006
      492000  1.3300076834629667E-004  1.5465648802196523E-005
      494000  1.1091411085537498E-004  2.3609462826910789E-005
      496000  8.1613131202442282E-005  2.9857790933297906E-005
      498000  4.9682431324217563E-005  3.3419254402011074E-005
      500000  2.7001155427292508E-005  3.3978106895194945E-005
      502000  3.8791770126541133E-005  3.1605551029391881E-005
      504000  6.3403098962714545E-005  2.6724934094721030E-005
      506000  8.3861238304241034E-005  1.9962066556950695E-005
      508000  9.6503187720704657E-005  1.2208876582309187E-005
      510000  1.0025820288230262E-004  6.2268605482644167E-006
      512000  9.5266542855951928E-005  8.5719546089186664E-006
      514000  8.2576601203464525E-005  1.4336711510684574E-005
      516000  6.3995339883454443E-005  1.9202140882968526E-005
      518000  4.2135087466714328E-005  2.2405484521635568E-005
      520000  2.2031512553357199E-005  2.3594652649846532E-005
      522000  2.0752049128955763E-005  2.2711781457933567E-005
      524000  3.7172929276184251E-005  1.9951076186867229E-005
      526000  5.3002173811255548E-005  1.5725900733233550E-005
      528000  6.4028063683232032E-005  1.0512218859951818E-005
      530000  6.9079715517320151E-005  5.1496068412645525E-006
      532000  6.7976775109952623E-005  4.3785475896394220E-006
NuVolAvg =  8.8323236383325376E+000
ReVolAvg =  9.9269008266194263E+001
      534000  6.1217102308307436E-005  8.2240137302770992E-006
      536000  4.9853753998446299E-005  1.1940214362179085E-005
      538000  3.5452370540091535E-005  1.4653504505453715E-005
      540000  2.0493877819391139E-005  1.6042522308462302E-005
      542000  1.2529708773357234E-005  1.5998793322376915E-005
      544000  2.0894590610419620E-005  1.4592987646230789E-005
      546000  3.2448541244502110E-005  1.2055319573420639E-005
      548000  4.1444862401736407E-005  8.7036825899116273E-006
      550000  4.6557615446226766E-005  4.9923481803520941E-006
      552000  4.7424890042906901E-005  2.7817781733628686E-006
      554000  4.4214266327957355E-005  4.6507397020491224E-006
      556000  3.7505473752735122E-005  7.3501244254658140E-006
      558000  2.8230167438477470E-005  9.5123938638028695E-006
      560000  1.7749030687893347E-005  1.0836286992248911E-005
      562000  9.1563496787842228E-006  1.1187396984793632E-005
      564000  1.1291220605657718E-005  1.0565070225270075E-005
      566000  1.9397791349453777E-005  9.0874355918294634E-006
      568000  2.6502333025028999E-005  6.9593833559817058E-006
      570000  3.1149613484002588E-005  4.4248922350712233E-006
      572000  3.2911359794011896E-005  2.0730659677534633E-006
      574000  3.1778253104630407E-005  2.4139775434799361E-006
      576000  2.8047391071029083E-005  4.3134750087558687E-006
NuVolAvg =  8.8321138226841622E+000
ReVolAvg =  9.9267119690913717E+001
      578000  2.2270514275000567E-005  5.9931821812737366E-006
      580000  1.5251078798589244E-005  7.1543038344727608E-006
      582000  8.3802647854767217E-006  7.6681366898543834E-006
      584000  6.2948570496160352E-006  7.5022604702496893E-006
      586000  1.1134862968809250E-005  6.7075111990061353E-006
      588000  1.6459433116270035E-005  5.4045559993138071E-006
      590000  2.0363948765196799E-005  3.7560963854338429E-006
      592000  2.2361413171675687E-005  2.0108345728261870E-006
      594000  2.2342166867312784E-005  1.3660708540164175E-006
      596000  2.0431408930416515E-005  2.4913639218720961E-006
      598000  1.6941956026159994E-005  3.7358474585879483E-006
      600000  1.2351997030243809E-005  4.6856756577905739E-006
      602000  7.3830661101067861E-006  5.2178109556348074E-006
      604000  4.0091371503318139E-006  5.2831044695196305E-006
      606000  6.1455677012928546E-006  4.8937373859123949E-006
      608000  1.0010457455226595E-005  4.1176104984835346E-006
      610000  1.3162010717045036E-005  3.0546977847659653E-006
      612000  1.5080891462121180E-005  1.8316344335764439E-006
      614000  1.5615269708031305E-005  8.6971840729194068E-007
      616000  1.4794850889806044E-005  1.3311299874742862E-006
      618000  1.2788345559604957E-005  2.2357235523258260E-006
      620000  9.8819047064527477E-006  2.9875916217814353E-006
NuVolAvg =  8.8322516704943350E+000
ReVolAvg =  9.9267458212074771E+001
      622000  6.4902247858079057E-006  3.4757963967344240E-006
      624000  3.4297185977530957E-006  3.6499443525313450E-006
      626000  3.3365976323205057E-006  3.5034109754474027E-006
      628000  5.8636056899256874E-006  3.0685714352126751E-006
      630000  8.2819668038260541E-006  2.4068740015225243E-006
      632000  9.9517124967142499E-006  1.6017141364393902E-006
      634000  1.0693657388417639E-005  8.1286131268921825E-007
      636000  1.0482724440212238E-005  7.2362663364326000E-007
      638000  9.3990419261572017E-006  1.3162057156916287E-006
      640000  7.6084075534024199E-006  1.8840599303874524E-006
      642000  5.3558909081300300E-006  2.2958532847606202E-006
      644000  3.0347636501428409E-006  2.5016512627380382E-006
      646000  1.9050783349504687E-006  2.4847898879624282E-006
      648000  3.3134550931679448E-006  2.2568285603851827E-006
      650000  5.1148385741609626E-006  1.8551454308753322E-006
      652000  6.4961549011939218E-006  1.3284086223054729E-006
      654000  7.2676588514343024E-006  7.4297135135284435E-007
      656000  7.3788009157702448E-006  3.9988196692484017E-007
      658000  6.8590623399627529E-006  7.2598626255430963E-007
      660000  5.8011704391073263E-006  1.1469100400217298E-006
      662000  4.3524962272434951E-006  1.4799528170812833E-006
      664000  2.7295560908374143E-006  1.6807316074393586E-006
NuVolAvg =  8.8324087207520261E+000
ReVolAvg =  9.9268110181202971E+001
      666000  1.4349699200240451E-006  1.7301544471827245E-006
      668000  1.8065330843131260E-006  1.6291211988134187E-006
      670000  3.0523252329917536E-006  1.3967524631230668E-006
      672000  4.1368842382992897E-006  1.0641691476328460E-006
      674000  4.8385842647480040E-006  6.7349354164379434E-007
      676000  5.0923707340912310E-006  3.3363624682741948E-007
      678000  4.8982440045383207E-006  3.9456965900839748E-007
      680000  4.3036470020646725E-006  6.8686959660721682E-007
      682000  3.3952991565960980E-006  9.4344252494263833E-007
      684000  2.2990634369203708E-006  1.1192574653641225E-006
      686000  1.2377524808756119E-006  1.1943703063575009E-006
      688000  9.7858568888469098E-007  1.1639077031533630E-006
      690000  1.7643445569627106E-006  1.0360394663141503E-006
      692000  2.5902673374140051E-006  8.3063693490853895E-007
      694000  3.1878203263175895E-006  5.7154818919463351E-007
      696000  3.4868759083991972E-006  2.9494838696179802E-007
      698000  3.4726859299914016E-006  2.0570804753070316E-007
      700000  3.1662102168196497E-006  3.8971705598736649E-007
      702000  2.6172584181575986E-006  5.8303633345947784E-007
      704000  1.9014226037605624E-006  7.2885640478694142E-007
      706000  1.1339289848675508E-006  8.0906341720070104E-007
      708000  6.3435214022892118E-007  8.1676674765524344E-007
NuVolAvg =  8.8325103936805291E+000
ReVolAvg =  9.9268573983672397E+001
      710000  9.7868663429606454E-007  7.5428555745423861E-007
      712000  1.5720912555472535E-006  6.3233917766642349E-007
      714000  2.0526347333770713E-006  4.6663884502634267E-007
      716000  2.3412113427535086E-006  2.7850165653609227E-007
      718000  2.4149899345214359E-006  1.4225096110755078E-007
      720000  2.2792835423796505E-006  2.1565859242421870E-007
      722000  1.9608971001515336E-006  3.5459680997131648E-007
      724000  1.5047531701273799E-006  4.6935691477269082E-007
      726000  9.7592912788698510E-007  5.4304403778753757E-007
      728000  5.0690280604319877E-007  5.6787884238978001E-007
      730000  5.2576323687321797E-007  5.4293802898984007E-007
      732000  9.2767303335851700E-007  4.7337982434763706E-007
      734000  1.3013294644262093E-006  3.6938307983848060E-007
      736000  1.5559858594790523E-006  2.4285795119634401E-007
      738000  1.6657738086327898E-006  1.1759248290517224E-007
      740000  1.6277445829643640E-006  1.1182231825210187E-007
      742000  1.4550121130004123E-006  2.0607425038391512E-007
      744000  1.1738884945723059E-006  2.9400096890700921E-007
      746000  8.2311393595603936E-007  3.5700585398864260E-007
      748000  4.6580399638257778E-007  3.8776745137591344E-007
      750000  3.0397376653469033E-007  3.8399715656692958E-007
      752000  5.2560868155549092E-007  3.4768254299979223E-007
NuVolAvg =  8.8325623343728719E+000
ReVolAvg =  9.9268821621110931E+001
      754000  8.0195109002297496E-007  2.8460250247553278E-007
      756000  1.0122392681131530E-006  2.0269836957268215E-007
      758000  1.1276162538973122E-006  1.1292914717424051E-007
      760000  1.1406021314325843E-006  6.5911511351545409E-008
      762000  1.0561085625080955E-006  1.1676042701633818E-007
      764000  8.8881553717775950E-007  1.8132292451158204E-007
      766000  6.6184184486695709E-007  2.3209770283534000E-007
      768000  4.0927142365246708E-007  2.6227022532885361E-007
      770000  2.1374119692361013E-007  2.6890195590717523E-007
      772000  2.8630700102446083E-007  2.5220308421794355E-007
      774000  4.8204793856643257E-007  2.1522401605573403E-007
      776000  6.4907361954585882E-007  1.6302023667833516E-007
      778000  7.5567057583926016E-007  1.0167822300050696E-007
      780000  7.9246515815241793E-007  4.7978274672463304E-008
      782000  7.5985807383162137E-007  6.1677355210404937E-008
      784000  6.6551527069785820E-007  1.0756349585215106E-007
      786000  5.2316565616291139E-007  1.4717415562745247E-007
      788000  3.5272052419366121E-007  1.7397713771359965E-007
      790000  1.9015398258779334E-007  1.8505902575978996E-007
      792000  1.5667628863468793E-007  1.7978904150701938E-007
      794000  2.7898369393537751E-007  1.5952933700898419E-007
      796000  4.0556240902983789E-007  1.2729377641415613E-007
      798000  4.9634602468174558E-007  8.7095404597947341E-008
NuVolAvg =  8.8325844864786713E+000
ReVolAvg =  9.9268930509567738E+001
      800000  5.4070213552550621E-007  4.5279551796528957E-008
      802000  5.3651961127600532E-007  3.3670581753693251E-008
      804000  4.8721035412932355E-007  6.2298952174777287E-008
      806000  4.0063891292606281E-007  9.1933431386557258E-008
      808000  2.8866071929144356E-007  1.1413011527485479E-007
      810000  1.6950642318519714E-007  1.2610748648612462E-007
      812000  9.6116444472930319E-008  1.2681318890448849E-007
      814000  1.5530778147599930E-007  1.1664613087777670E-007
      816000  2.4783432581155225E-007  9.7331804665538091E-008
      818000  3.2162060747175211E-007  7.1333314563152232E-008
      820000  3.6524942425917122E-007  4.1818970653491665E-008
      822000  3.7545806062267431E-007  2.0691138535459753E-008
      824000  3.5324437326901495E-007  3.3870721587743198E-008
      826000  3.0290466585121763E-007  5.5519166123786132E-008
      828000  2.3153869786934433E-007  7.3186663467252213E-008
      830000  1.4945924566278648E-007  8.4373420403729333E-008
      832000  7.8179848334002184E-008  8.7950096976670222E-008
Nu_global =  8.8325943198096759E+000
Nu_hot    =  8.8344573887600077E+000
Nu_cold   =  8.8344573887599829E+000
Nu_middle =  8.8325764206495787E+000
Nu_hot_max =  1.7701938783388137E+001  y_max =  3.7990195228428600E-002
Nu_hot_min =  9.8758902711842222E-001  y_min =  9.8632812500000000E-001
u_mid_max =  6.4829406941071866E+001 at y =  8.4979645842067564E-001 on x_mid =  5.0000000000000000E-001
v_mid_max =  2.2067273921940682E+002 at x =  3.8086180359138494E-002 on y_mid =  5.0000000000000000E-001
abs(psi_center_coarse) =  1.6394093072122281E+001
abs(psi_center_fine) =  1.6394093021558334E+001
max(|psi|) =  1.6818202793002321E+001  x* =  1.5040000000000001E-001  y* =  5.4659999999999997E-001
NuVolAvg =  8.8325835597345179E+000
ReVolAvg =  9.9268929232972695E+001
