        2000  1.0000000000000000E+000  1.0329606747639039E-002
        4000  4.9796830636875217E-001  2.9329092131459931E-002
        6000  3.3162856393108570E-001  4.8564037117554380E-002
        8000  2.4602925514029941E-001  6.7266195492251699E-002
       10000  1.9269750157853255E-001  8.4930163515700416E-002
       12000  1.5638701027968260E-001  1.0285289009631896E-001
       14000  1.2997340266914889E-001  1.1870485232886212E-001
       16000  1.0866862418722774E-001  1.3390970086854362E-001
       18000  8.9534580090777860E-002  1.4656139125976361E-001
       20000  7.1802093990566127E-002  1.5648717559829006E-001
       22000  5.7137145813159228E-002  1.6308975481748123E-001
       24000  4.8674681141360601E-002  1.6627666404930530E-001
       26000  5.0873728955853043E-002  1.6508971061416933E-001
       28000  6.2097584410553568E-002  1.6069049924518047E-001
       30000  7.9605812891393582E-002  1.5293758575514732E-001
       32000  1.0127068842653603E-001  1.4313200612308455E-001
       34000  1.2564469879515108E-001  1.3230156647720168E-001
       36000  1.5281897764933638E-001  1.2089297440978730E-001
       38000  1.8196139244467607E-001  1.0886576877343355E-001
       40000  2.1411037271446290E-001  9.7145236479839650E-002
       42000  2.4864562161799750E-001  8.7298417356055355E-002
       44000  2.8451964396499446E-001  7.9069313037717553E-002
       46000  3.1973057385825238E-001  7.1289157863639138E-002
       48000  3.4354369803059276E-001  6.8765968333616159E-002
       50000  3.4682534130545417E-001  7.0392207351065494E-002
       52000  3.2618688870985457E-001  7.8835990892314897E-002
       54000  2.9248049970147849E-001  9.3433766465675153E-002
       56000  2.5750291900876193E-001  1.0937368931069399E-001
       58000  2.2641346660785619E-001  1.2525961541394628E-001
       60000  2.0123126293197521E-001  1.4103974718062431E-001
       62000  1.8034269074783349E-001  1.5653908528358548E-001
       64000  1.6264197777649053E-001  1.7022319947182807E-001
       66000  1.4748563007222490E-001  1.8024793131444322E-001
       68000  1.3564372865196728E-001  1.8497662300809950E-001
       70000  1.2846110822048420E-001  1.8337730799183999E-001
       72000  1.2624374694920881E-001  1.7691284242945099E-001
       74000  1.2805438721535534E-001  1.6633932257140105E-001
       76000  1.3434136779628389E-001  1.5117825659473930E-001
       78000  1.4576744502260858E-001  1.3374803235589056E-001
       80000  1.6258740992317827E-001  1.2032284607672757E-001
       82000  1.8341165265525314E-001  1.0938140440521969E-001
       84000  2.0579255238261468E-001  9.5373209927559835E-002
       86000  2.2877124370049687E-001  7.8173961554506330E-002
       88000  2.5292636785664557E-001  5.8944716316879690E-002
NuVolAvg = -5.1594359117109594E+000
ReVolAvg =  3.7077369740351958E+002
       90000  2.7963430081912727E-001  4.3269729680822225E-002
       92000  3.0457112200129860E-001  3.7886348906810759E-002
       94000  3.1859460808387163E-001  4.1316452909627183E-002
       96000  3.1443185027626158E-001  5.0393392388768200E-002
       98000  2.9569402300024378E-001  6.1210180958511121E-002
      100000  2.7003133190803313E-001  7.2496624031107348E-002
      102000  2.4238106673673271E-001  8.3975896605564981E-002
      104000  2.1602783444058243E-001  9.5052358607673137E-002
      106000  1.9145581776889606E-001  1.0501740901263010E-001
      108000  1.7011471541115356E-001  1.1342440590962795E-001
      110000  1.5249150857802987E-001  1.1923171599614300E-001
      112000  1.3865523130061516E-001  1.2212744592874830E-001
      114000  1.2866060099245002E-001  1.2239870296606475E-001
      116000  1.2208134056214807E-001  1.2049938927488194E-001
      118000  1.1889194698558746E-001  1.1674327221733191E-001
      120000  1.1830472615725242E-001  1.1124469978952960E-001
      122000  1.1978668416079452E-001  1.0439094121754976E-001
      124000  1.2330295598321063E-001  9.6715009174314664E-002
      126000  1.2889968591658146E-001  8.8525632730565157E-002
      128000  1.3619426808947155E-001  7.9716334027753952E-002
      130000  1.4443439573629444E-001  7.0706233244777913E-002
      132000  1.5379453660351514E-001  6.2426216457968593E-002
      134000  1.6438617436548922E-001  5.4980777251729569E-002
      136000  1.7667196164463950E-001  4.7756672441021414E-002
      138000  1.9110282930643960E-001  4.0333643608164119E-002
      140000  2.0658484809945143E-001  3.2708686331963437E-002
      142000  2.2049470213004185E-001  2.5810338382467362E-002
      144000  2.2852057527541317E-001  2.2964330539907662E-002
      146000  2.2720702433210355E-001  2.5332095840188994E-002
      148000  2.1701746018261445E-001  2.9535823204954716E-002
      150000  2.0137760963460746E-001  3.5458904530837436E-002
      152000  1.8430611814759754E-001  4.1838239026167651E-002
      154000  1.6798745194960024E-001  4.7933098364812667E-002
      156000  1.5335168289905451E-001  5.3198764719280416E-002
      158000  1.4061512289002878E-001  5.7587767130772356E-002
      160000  1.2946895180295401E-001  6.1263666560626526E-002
      162000  1.1921073747940912E-001  6.3959564464564411E-002
      164000  1.0969508960135926E-001  6.4726389079201405E-002
      166000  1.0199734463224276E-001  6.3566836326328119E-002
      168000  9.7799006100255312E-002  6.1150393479509041E-002
      170000  9.7777260079395092E-002  5.8519101889747301E-002
      172000  1.0186121719114435E-001  5.5331067372321532E-002
      174000  1.1020066106437067E-001  5.1219703910047008E-002
      176000  1.2242694001222455E-001  4.6420560544270739E-002
NuVolAvg = -8.1243065660455880E+000
ReVolAvg =  3.2740494815871421E+002
      178000  1.3834252127761876E-001  4.1182255683838813E-002
      180000  1.5841336266029943E-001  3.5822816786633981E-002
      182000  1.8123555977841910E-001  3.0656350758293874E-002
      184000  2.0267484347913467E-001  2.5761466032800457E-002
      186000  2.1757584504748623E-001  2.1783523903142792E-002
      188000  2.2183528010402984E-001  1.9598342705585935E-002
      190000  2.1491728080599176E-001  1.9276500769921122E-002
      192000  1.9999414610372745E-001  2.1379891305022457E-002
      194000  1.8119207770932277E-001  2.4710765790981377E-002
      196000  1.6159704097261621E-001  2.8743768964500670E-002
      198000  1.4271882907984548E-001  3.2836613662877163E-002
      200000  1.2517393307987679E-001  3.6506052541445420E-002
      202000  1.0932406593060004E-001  3.9668537593678638E-002
      204000  9.5556639461557680E-002  4.2321312024778082E-002
      206000  8.4054193883051825E-002  4.4449507125058192E-002
      208000  7.4646400609354568E-002  4.6004239607689283E-002
      210000  6.7245285036466138E-002  4.6894869002036592E-002
      212000  6.1826567213090981E-002  4.6999365064016106E-002
      214000  5.8306183019997453E-002  4.6336886092799318E-002
      216000  5.6602972202401187E-002  4.4911166912992129E-002
      218000  5.6743194840932501E-002  4.2807959384324253E-002
      220000  5.9073822165623915E-002  4.0202110414329320E-002
      222000  6.3942763037211706E-002  3.7239632547400404E-002
      224000  7.1389811046591978E-002  3.3887521026405749E-002
      226000  8.1025097913509425E-002  3.0191380071106756E-002
      228000  9.2201917506458828E-002  2.6255125416414383E-002
      230000  1.0429159619070072E-001  2.2135252200450550E-002
      232000  1.1666788731552200E-001  1.7957583473458008E-002
      234000  1.2861553869437750E-001  1.4567200102531187E-002
      236000  1.3913176982980699E-001  1.2583751547448056E-002
      238000  1.4686299508408271E-001  1.1745295002462429E-002
      240000  1.5040554831951453E-001  1.3337677170727105E-002
      242000  1.4889445720702046E-001  1.5944857176309179E-002
      244000  1.4251136681994675E-001  1.8692928121769984E-002
      246000  1.3242534777100209E-001  2.1345854596851954E-002
      248000  1.2024570130891564E-001  2.3776794548046785E-002
      250000  1.0743962610246073E-001  2.5913079675324711E-002
      252000  9.5093825010644811E-002  2.7710664094319045E-002
      254000  8.3908251773626708E-002  2.9225604026394549E-002
      256000  7.4363227453503891E-002  3.0525100138964655E-002
      258000  6.6891382179973993E-002  3.1523076945667118E-002
      260000  6.2089733178239598E-002  3.2009331406291697E-002
      262000  6.0808777563500928E-002  3.1887140912510055E-002
      264000  6.3735022565467397E-002  3.1153758334728724E-002
      266000  7.0827660905661449E-002  2.9818397084258864E-002
NuVolAvg = -2.4158403727265805E+000
ReVolAvg =  2.6380674569753717E+002
      268000  8.1189366561290985E-002  2.7919856181378731E-002
      270000  9.3479656611568845E-002  2.5518643141744235E-002
      272000  1.0623621388231620E-001  2.2672571185093096E-002
      274000  1.1793771024222711E-001  1.9474343641872949E-002
      276000  1.2709650968706973E-001  1.6018142790685651E-002
      278000  1.3246655456781722E-001  1.2589933624368081E-002
      280000  1.3340526130618408E-001  9.5375671961400142E-003
      282000  1.3007735244205504E-001  7.9304813726890095E-003
      284000  1.2330522602410454E-001  8.5098716796781874E-003
      286000  1.1420063278844506E-001  1.0249987899126350E-002
      288000  1.0378542734463282E-001  1.2580920652289690E-002
      290000  9.2838338540281076E-002  1.5258978181254637E-002
      292000  8.1878674470653001E-002  1.8028326840129952E-002
      294000  7.1217588911195756E-002  2.0667909507697920E-002
      296000  6.1046518365738690E-002  2.3000264675283915E-002
      298000  5.1511592873363307E-002  2.4887686414035607E-002
      300000  4.2857434788986667E-002  2.6262980566471288E-002
      302000  3.5561753788043403E-002  2.7086527344159124E-002
      304000  3.0458135424276105E-002  2.7352987165843026E-002
      306000  2.8605448567304605E-002  2.7073782494915346E-002
      308000  3.0484448692727855E-002  2.6262792490532080E-002
      310000  3.5447789733801423E-002  2.4987943551363183E-002
      312000  4.2383355489554568E-002  2.3295986995505460E-002
      314000  5.0425454077987340E-002  2.1227722558318202E-002
      316000  5.9020048059243810E-002  1.8851256487391683E-002
      318000  6.7780129262507288E-002  1.6236199241884009E-002
      320000  7.6366603930522164E-002  1.3466831824564573E-002
      322000  8.4412922719753800E-002  1.0611670084138446E-002
      324000  9.1487896590093348E-002  7.8552190448615989E-003
      326000  9.7100204795820169E-002  5.6731646445296801E-003
      328000  1.0075304410284623E-001  5.5782344329359176E-003
      330000  1.0203408247300619E-001  6.7510428272420540E-003
      332000  1.0073491147368832E-001  8.5908301952306830E-003
      334000  9.6921410556725276E-002  1.0712975617709260E-002
      336000  9.0936346890082509E-002  1.2960579351434607E-002
      338000  8.3323722696263203E-002  1.5171443821685022E-002
      340000  7.4718125430044455E-002  1.7179722990484845E-002
      342000  6.5778529360103061E-002  1.8895963464165059E-002
      344000  5.7168580671655735E-002  2.0273611130220318E-002
      346000  4.9616466608324562E-002  2.1281269205323194E-002
      348000  4.3982197467197989E-002  2.1894044332186141E-002
      350000  4.1180835961541033E-002  2.2091483687002641E-002
      352000  4.1787515008487715E-002  2.1869269895576526E-002
      354000  4.5573546622582950E-002  2.1229886860519204E-002
NuVolAvg =  3.1820535975518709E+000
ReVolAvg =  2.3610937087498556E+002
      356000  5.1662246192871082E-002  2.0184212613480280E-002
      358000  5.9038589674162180E-002  1.8751062922960596E-002
      360000  6.6812803139545504E-002  1.6958670272019905E-002
      362000  7.4229826660285783E-002  1.4848905069802000E-002
      364000  8.0623942246553129E-002  1.2468604264096905E-002
      366000  8.5428231323969511E-002  9.8830997185612689E-003
      368000  8.8223522019677716E-002  7.1879074317467585E-003
      370000  8.8798905580803694E-002  4.9226656067807902E-003
      372000  8.7177508559081796E-002  4.2765887474328071E-003
      374000  8.3585264524980954E-002  4.8802731524933826E-003
      376000  7.8378864592180783E-002  6.4437631201506784E-003
      378000  7.1964095461097694E-002  8.5182880252222572E-003
      380000  6.4733158788500583E-002  1.0727301077829498E-002
      382000  5.7033432047977756E-002  1.2764029672822556E-002
      384000  4.9166600745649151E-002  1.4539063808225297E-002
      386000  4.1411236731106284E-002  1.5998597522401133E-002
      388000  3.4079304821526712E-002  1.7106512578691755E-002
      390000  2.7615210421395166E-002  1.7844367369253242E-002
      392000  2.2756542797480395E-002  1.8207952025948448E-002
      394000  2.0561347877690272E-002  1.8203680239215196E-002
      396000  2.1689480960572546E-002  1.7837370087333857E-002
      398000  2.5540221044464909E-002  1.7128991346088640E-002
      400000  3.0946942770877148E-002  1.6104426336604100E-002
      402000  3.7056307912779439E-002  1.4797814093492819E-002
      404000  4.3367737510241956E-002  1.3249282551785209E-002
      406000  4.9559627150572862E-002  1.1502834047018420E-002
      408000  5.5378018382337878E-002  9.6105761415723225E-003
      410000  6.0582299575600650E-002  7.6343628971187070E-003
      412000  6.4927209579839773E-002  5.6795996850744802E-003
      414000  6.8166247101389119E-002  3.9604257858794345E-003
      416000  7.0072248303932855E-002  3.1880043171948085E-003
      418000  7.0467850607124044E-002  3.7088150190632664E-003
      420000  6.9258716324371125E-002  5.0226724511940237E-003
      422000  6.6454927332367950E-002  6.6732488553254993E-003
      424000  6.2176368746830205E-002  8.3132737707147745E-003
      426000  5.6638015394561231E-002  9.8363215217754547E-003
      428000  5.0126022360360158E-002  1.1186955126219263E-002
      430000  4.2983465501923369E-002  1.2329307453331146E-002
      432000  3.5624568869041875E-002  1.3231169357186092E-002
      434000  2.8623730928510248E-002  1.3871003768770955E-002
      436000  2.2929193301985642E-002  1.4233013186235901E-002
      438000  2.0066705906451297E-002  1.4307159089946007E-002
      440000  2.1268392520020715E-002  1.4091044399844439E-002
      442000  2.5792461827599939E-002  1.3590306073308673E-002
NuVolAvg =  7.8699497607103055E+000
ReVolAvg =  2.2376004528847150E+002
      444000  3.1933689536964814E-002  1.2815741577991480E-002
      446000  3.8489150780799140E-002  1.1785226583080814E-002
      448000  4.4759227971825646E-002  1.0525944260254515E-002
      450000  5.0292117167959359E-002  9.0762029776904479E-003
      452000  5.4764450219845655E-002  7.4995401903981268E-003
      454000  5.7948995149924007E-002  5.8753790878214958E-003
      456000  5.9713759389746532E-002  4.3247204817607986E-003
      458000  6.0025714303299720E-002  3.1358419496384632E-003
      460000  5.8945324416964082E-002  2.6853713205004224E-003
      462000  5.6609010779039473E-002  3.2410819015530161E-003
      464000  5.3203861338879506E-002  4.6995675993270931E-003
      466000  4.8941789922320893E-002  6.2098760746447570E-003
      468000  4.4039293016344301E-002  7.6311641994352723E-003
      470000  3.8707363849937157E-002  8.9042004314878343E-003
      472000  3.3153856978104128E-002  9.9815854891394922E-003
      474000  2.7602812934006973E-002  1.0832085058643238E-002
      476000  2.2344420629965688E-002  1.1439145648350628E-002
      478000  1.7841383045844331E-002  1.1794207799508898E-002
      480000  1.4884048970102039E-002  1.1896232039538834E-002
      482000  1.4413110446570081E-002  1.1752013964223512E-002
      484000  1.6510548206297063E-002  1.1374212483795828E-002
      486000  2.0221840465307405E-002  1.0780019233827169E-002
      488000  2.4629393256950845E-002  9.9907246382238031E-003
      490000  2.9197338883197629E-002  9.0323578162340469E-003
      492000  3.3617699679958354E-002  7.9348751052945362E-003
      494000  3.7683108156298710E-002  6.7338189582284184E-003
      496000  4.1229183085821026E-002  5.4773533414676423E-003
      498000  4.4113064666604578E-002  4.2473478161411454E-003
      500000  4.6209167777375548E-002  3.1612138257284539E-003
      502000  4.7413670782806595E-002  2.4034950152985487E-003
      504000  4.7652858652837651E-002  2.2304919359118101E-003
      506000  4.6891967881366854E-002  2.9819676299927540E-003
      508000  4.5141853720060979E-002  4.1300750479307717E-003
      510000  4.2461225759924885E-002  5.2606154835296275E-003
      512000  3.8955567315471722E-002  6.2995845787170990E-003
      514000  3.4774232911532033E-002  7.2170043843775766E-003
      516000  3.0112228646241308E-002  7.9925235157827321E-003
      518000  2.5227021633659700E-002  8.6106374636060606E-003
      520000  2.0491076757637391E-002  9.0566496652879722E-003
      522000  1.6514329378587937E-002  9.3200975167801164E-003
      524000  1.4268912509791652E-002  9.3950770853033754E-003
      526000  1.4635656548206036E-002  9.2804720922320116E-003
      528000  1.7302608357038018E-002  8.9805341862583231E-003
      530000  2.1157116711421054E-002  8.5025059237193064E-003
      532000  2.5335780708255172E-002  7.8586246321017787E-003
NuVolAvg =  1.1127115938972558E+001
ReVolAvg =  2.2105477357785091E+002
      534000  2.9342628108217448E-002  7.0659800123428745E-003
      536000  3.2884737643028114E-002  6.1474133316269091E-003
      538000  3.5775050450994460E-002  5.1346940963183756E-003
      540000  3.7893201628716351E-002  4.0735914620914698E-003
      542000  3.9171079827104299E-002  3.0285089658090066E-003
      544000  3.9586409946057208E-002  2.1731662610144685E-003
      546000  3.9157643979457278E-002  1.7380528009649245E-003
      548000  3.7937556668288644E-002  1.9723424624417431E-003
      550000  3.6005533803941898E-002  2.8320862707092993E-003
      552000  3.3459608854953624E-002  3.7719214684566816E-003
      554000  3.0409769590978412E-002  4.6831159692690850E-003
      556000  2.6974102521978065E-002  5.5073623937593984E-003
      558000  2.3279985984531560E-002  6.2207027582073769E-003
      560000  1.9474172617533484E-002  6.7984715641312083E-003
      562000  1.5751664432035354E-002  7.2259729683864550E-003
      564000  1.2426840181232914E-002  7.4956961300291069E-003
      566000  1.0067184907462138E-002  7.6049541188218783E-003
      568000  9.4635685250094911E-003  7.5550664524360054E-003
      570000  1.0836704254821654E-002  7.3514400677542916E-003
      572000  1.3461744439958892E-002  7.0028406879481106E-003
      574000  1.6588808193851515E-002  6.5212029644409119E-003
      576000  1.9794646887964246E-002  5.9214591009373683E-003
      578000  2.2849074983460688E-002  5.2215944632352154E-003
      580000  2.5607035148336107E-002  4.4429316153760745E-003
      582000  2.7962593497080343E-002  3.6132463851480338E-003
      584000  2.9831647456718277E-002  2.7881738066326154E-003
      586000  3.1146652572500304E-002  2.0389355821453623E-003
      588000  3.1856518435044147E-002  1.4843903424645835E-003
      590000  3.1928638339541238E-002  1.2972864945522244E-003
      592000  3.1351354469037626E-002  1.8570398328551800E-003
      594000  3.0135978216564479E-002  2.6344839807642384E-003
      596000  2.8317934741112005E-002  3.4015525824835973E-003
      598000  2.5957258877635222E-002  4.1075359905674612E-003
      600000  2.3139742004014439E-002  4.7300279694691676E-003
      602000  1.9981276660682331E-002  5.2543768297377167E-003
      604000  1.6641948457019443E-002  5.6694288875182791E-003
      606000  1.3365023230077336E-002  5.9668757074845067E-003
      608000  1.0571722860320158E-002  6.1400171786893812E-003
      610000  8.9850869376388223E-003  6.1846953077177996E-003
      612000  9.2997327357728851E-003  6.1007014440569041E-003
      614000  1.1250399767113296E-002  5.8912289574695369E-003
      616000  1.3979698531699343E-002  5.5620186667801122E-003
      618000  1.6880624740490287E-002  5.1221139142440227E-003
      620000  1.9628613958560925E-002  4.5839470377487049E-003
NuVolAvg =  1.3474268314676339E+001
ReVolAvg =  2.2384859681591743E+002
      622000  2.2040828809883700E-002  3.9637509347012767E-003
      624000  2.4004776492909847E-002  3.2830840811123689E-003
      626000  2.5450130172506347E-002  2.5748699708827024E-003
      628000  2.6337530350779879E-002  1.8901678987320923E-003
      630000  2.6653367828709473E-002  1.3470211917710143E-003
      632000  2.6406333525209578E-002  1.0797171110601849E-003
      634000  2.5624235304476790E-002  1.3500624650758276E-003
      636000  2.4350719655759450E-002  1.9740429366363749E-003
      638000  2.2642127143309355E-002  2.6205282095651795E-003
      640000  2.0565031794600362E-002  3.2313012448108025E-003
      642000  1.8195341565765206E-002  3.7788304823562907E-003
      644000  1.5620524322974113E-002  4.2453038355066393E-003
      646000  1.2948629539718903E-002  4.6164545123953803E-003
      648000  1.0333541286336029E-002  4.8842584622434508E-003
      650000  8.0398206185766739E-003  5.0441898713143732E-003
      652000  6.5603183775998974E-003  5.0947854607015040E-003
      654000  6.5034688673958471E-003  5.0371046098503054E-003
      656000  7.8299861321156333E-003  4.8749923695450767E-003
      658000  9.8829571007293671E-003  4.6147338405959099E-003
      660000  1.2158968889103968E-002  4.2646469288806577E-003
      662000  1.4399183902145802E-002  3.8352823182730275E-003
      664000  1.6462960941372857E-002  3.3393123561887531E-003
      666000  1.8261008178641399E-002  2.7918905389509936E-003
      668000  1.9729594224642499E-002  2.2122794915860216E-003
      670000  2.0821089484095893E-002  1.6417655967407483E-003
      672000  2.1500856428666795E-002  1.1581497359708941E-003
      674000  2.1746706345762552E-002  8.5292799378085791E-004
      676000  2.1549325207703907E-002  9.4445831066290340E-004
      678000  2.0912938234424260E-002  1.4406302013163460E-003
      680000  1.9855876103412218E-002  1.9751334676119956E-003
      682000  1.8411062680670252E-002  2.4843211633790996E-003
      684000  1.6626779404219243E-002  2.9429092646545878E-003
      686000  1.4568757237752430E-002  3.3380859667838103E-003
      688000  1.2326162118743218E-002  3.6609361916667290E-003
      690000  1.0027984203288837E-002  3.9048314108347036E-003
      692000  7.8864506597228351E-003  4.0650912985440114E-003
      694000  6.2905182171643275E-003  4.1389142818972335E-003
      696000  5.8190814393695722E-003  4.1254855981275708E-003
      698000  6.6810300309103361E-003  4.0262159496355435E-003
      700000  8.3631486090174744E-003  3.8443288009320856E-003
      702000  1.0321949581781268E-002  3.5850743545821147E-003
      704000  1.2258209871938298E-002  3.2559131399479469E-003
      706000  1.4015299202574291E-002  2.8667144732370223E-003
      708000  1.5502573642037670E-002  2.4305877425375160E-003
NuVolAvg =  1.5073210073345715E+001
ReVolAvg =  2.2691939895601223E+002
      710000  1.6664039956508996E-002  1.9643266269788067E-003
      712000  1.7466033810870980E-002  1.4917032761872109E-003
      714000  1.7891890553591298E-002  1.0601168073732460E-003
      716000  1.7939153842761853E-002  7.7759599245526159E-004
      718000  1.7617652470780412E-002  7.4468145821692802E-004
      720000  1.6947861038878045E-002  1.1043868428889732E-003
      722000  1.5959422911120406E-002  1.5342183858782375E-003
      724000  1.4689966153909665E-002  1.9567326654799590E-003
      726000  1.3184549797052417E-002  2.3430801786125757E-003
      728000  1.1496459121882466E-002  2.6817756069466583E-003
      730000  9.6909867397291915E-003  2.9610366095077236E-003
      732000  7.8564835162328404E-003  3.1737747726391968E-003
      734000  6.1343195389601431E-003  3.3158519267105988E-003
      736000  4.7903229835624082E-003  3.3851568808356308E-003
      738000  4.2692902554958105E-003  3.3814505973364896E-003
      740000  4.8225590614168652E-003  3.3061662089983066E-003
      742000  6.0918010042238426E-003  3.1626905316257735E-003
      744000  7.6306839215479517E-003  2.9557587972746202E-003
      746000  9.1946313827587032E-003  2.6916510295334865E-003
      748000  1.0659641110065794E-002  2.3781687608074838E-003
      750000  1.1953539894628122E-002  2.0246853751671513E-003
      752000  1.3028423252383674E-002  1.6427891490013718E-003
      754000  1.3850370833661778E-002  1.2511231093037985E-003
      756000  1.4395606566591451E-002  8.9867448327541992E-004
      758000  1.4649165402457330E-002  6.4043366876396872E-004
      760000  1.4604561176434279E-002  5.6183720219983796E-004
      762000  1.4263829502920761E-002  8.2222321745146132E-004
      764000  1.3637687414337919E-002  1.1833267043135172E-003
      766000  1.2745759899166004E-002  1.5377501776096573E-003
      768000  1.1617017312919704E-002  1.8628476369856861E-003
      770000  1.0290897355013418E-002  2.1476372718593800E-003
      772000  8.8202861866477460E-003  2.3850901384885733E-003
      774000  7.2794111442596151E-003  2.5701628767886954E-003
      776000  5.7846345823706997E-003  2.6992438714845890E-003
      778000  4.5444768395018183E-003  2.7700597203980078E-003
      780000  3.9161223243598465E-003  2.7816649608180203E-003
      782000  4.1920561216903891E-003  2.7346027048006628E-003
      784000  5.1697638623055923E-003  2.6308160687132020E-003
      786000  6.4453892659166517E-003  2.4734887306038312E-003
      788000  7.7650284944211397E-003  2.2672264432710624E-003
      790000  8.9979192481128324E-003  2.0181978019202119E-003
      792000  1.0071263202188230E-002  1.7344945733222606E-003
      794000  1.0940654629891024E-002  1.4264303511611215E-003
      796000  1.1578432586624608E-002  1.1079484751978284E-003
      798000  1.1968832344898289E-002  8.0299757963504001E-004
NuVolAvg =  1.6067344078992086E+001
ReVolAvg =  2.2955782154940050E+002
      800000  1.2105684758012944E-002  5.7107245722488290E-004
      802000  1.1991082205931081E-002  4.8108925579797051E-004
      804000  1.1634416768344777E-002  6.5690886865413971E-004
      806000  1.1051592412848003E-002  9.4197403903732940E-004
      808000  1.0264407136125628E-002  1.2307501615468671E-003
      810000  9.3002465862958676E-003  1.4995603526015201E-003
      812000  8.1924440941679739E-003  1.7383914762631398E-003
      814000  6.9821514211345437E-003  1.9395248068329954E-003
      816000  5.7239354022137479E-003  2.0970243717121965E-003
      818000  4.5012723038726880E-003  2.2075265883047031E-003
      820000  3.4670486764461304E-003  2.2691214052412128E-003
      822000  2.9058762696262553E-003  2.2812012961088719E-003
      824000  3.0904885678845681E-003  2.2443566671585592E-003
      826000  3.8716119483890640E-003  2.1604018648773132E-003
      828000  4.9067089226662785E-003  2.0322778856499131E-003
      830000  5.9881414619346388E-003  1.8638873014387067E-003
      832000  7.0137922302549623E-003  1.6602036672787924E-003
      834000  7.9273620111853498E-003  1.4272572705672081E-003
      836000  8.6931863066269099E-003  1.1723967500760937E-003
      838000  9.2869043669761547E-003  9.0558911019569344E-004
      840000  9.6919114933531787E-003  6.5458777476929265E-004
      842000  9.8979868305770161E-003  4.5726615588121289E-004
      844000  9.9007828219565830E-003  3.6397066373197929E-004
      846000  9.7016594692560573E-003  4.9979965095788492E-004
      848000  9.3076563514788730E-003  7.3882277238000813E-004
      850000  8.7315466705060879E-003  9.8079919948358750E-004
      852000  7.9920411513051057E-003  1.2058704237011221E-003
      854000  7.1143883672103014E-003  1.4048306400707040E-003
      856000  6.1320110492274968E-003  1.5723928976358185E-003
      858000  5.0908465255410131E-003  1.7048593353720116E-003
      860000  4.0608807347462597E-003  1.7996343909084502E-003
      862000  3.1654932207189320E-003  1.8550751363180880E-003
      864000  2.6287949955735089E-003  1.8704562379141462E-003
      866000  2.6919474946632011E-003  1.8460315025956825E-003
      868000  3.2858233966606433E-003  1.7830606767629950E-003
      870000  4.1285403591996986E-003  1.6836201983139489E-003
      872000  5.0249197852464548E-003  1.5507511787177834E-003
      874000  5.8755770358561521E-003  1.3885076473442504E-003
      876000  6.6267876805220791E-003  1.2021464755358844E-003
      878000  7.2462720242380497E-003  9.9835567027136383E-004
      880000  7.7137567538307578E-003  7.8591951389899903E-004
      882000  8.0171452328335942E-003  5.7893435435521891E-004
      884000  8.1507802958130995E-003  4.1178434929969995E-004
      886000  8.1145151179714391E-003  3.2913635164480225E-004
NuVolAvg =  1.6605672242231115E+001
ReVolAvg =  2.3107716992641079E+002
      888000  7.9131079242801012E-003  4.0947817972192561E-004
      890000  7.5557657623630831E-003  5.9665858107441950E-004
      892000  7.0558043992166430E-003  7.9094746092984742E-004
      894000  6.4304895598332494E-003  9.7409156200864899E-004
      896000  5.7012550746167664E-003  1.1379464368235829E-003
      898000  4.8947810689073945E-003  1.2775662262389917E-003
      900000  4.0461895261867508E-003  1.3885524864790568E-003
      902000  3.2078492886600924E-003  1.4684422581655197E-003
      904000  2.4727867540252154E-003  1.5157812280210221E-003
      906000  2.0178642102618911E-003  1.5299921230842620E-003
      908000  2.0506832946994092E-003  1.5112979274891950E-003
      910000  2.5257966473138881E-003  1.4607395876438851E-003
      912000  3.2089470666103181E-003  1.3801595549376594E-003
      914000  3.9405835654694578E-003  1.2720155560928190E-003
      916000  4.6419689498898437E-003  1.1395106942514743E-003
      918000  5.2709468999620045E-003  9.8656342816736938E-004
      920000  5.8016132127735988E-003  8.1796310722870975E-004
      922000  6.2167083919832987E-003  6.4007920135871030E-004
      924000  6.5046968804666257E-003  4.6938022816165622E-004
      926000  6.6585900931224540E-003  3.3004206407271259E-004
      928000  6.6754558617809759E-003  2.5190915007650404E-004
      930000  6.5562083146875633E-003  3.1143878758466972E-004
      932000  6.3055179205120260E-003  4.6900936727295748E-004
      934000  5.9317941643057164E-003  6.3245016743932803E-004
      936000  5.4472735409918770E-003  7.8604634349744120E-004
      938000  4.8683532111021182E-003  9.2296828908358631E-004
      940000  4.2165393928538675E-003  1.0392928685792678E-003
      942000  3.5209671775857437E-003  1.1323175733079190E-003
      944000  2.8250689269071622E-003  1.2001856671594376E-003
      946000  2.2037695856746472E-003  1.2416979437977443E-003
      948000  1.7953284310345166E-003  1.2562814425957896E-003
      950000  1.7718002516338407E-003  1.2440179555393038E-003
      952000  2.1264886748636278E-003  1.2056758806053109E-003
      954000  2.6757572968938671E-003  1.1425711898931611E-003
      956000  3.2766286942305378E-003  1.0566619730267438E-003
      958000  3.8553817157106133E-003  9.5057098869346160E-004
      960000  4.3727999221993621E-003  8.2769201645731597E-004
      962000  4.8055614629253810E-003  6.9232504222456730E-004
      964000  5.1389213559179751E-003  5.5000688007910076E-004
      966000  5.3637803139899637E-003  4.0927943114866020E-004
      968000  5.4753946162500507E-003  2.9010074409066062E-004
      970000  5.4727240373896383E-003  2.2368086976228734E-004
      972000  5.3580388891554826E-003  2.5700922250111735E-004
      974000  5.1366436957972746E-003  3.8072145870108622E-004
NuVolAvg =  1.6831031120999580E+001
ReVolAvg =  2.3166613050839044E+002
      976000  4.8166794831543559E-003  5.1160319819967186E-004
      978000  4.4090332633105632E-003  6.3636233487105950E-004
      980000  3.9274650438672169E-003  7.4867823074698469E-004
      982000  3.3892343664207849E-003  8.4528223285551226E-004
      984000  2.8169638134880361E-003  9.2298817690906847E-004
      986000  2.2438011393677883E-003  9.7999283821519024E-004
      988000  1.7274678820670872E-003  1.0152052593197509E-003
      990000  1.3798201236260780E-003  1.0281286011199517E-003
      992000  1.3521563211406587E-003  1.0188073724977937E-003
      994000  1.6451833572150661E-003  9.8784443755460592E-004
      996000  2.1000355831096921E-003  9.3639806852879783E-004
      998000  2.5972440244592539E-003  8.6604318991080240E-004
     1000000  3.0779124513327402E-003  7.7885798173809716E-004
     1002000  3.5112687065589373E-003  6.7740864801280737E-004
     1004000  3.8788044744541470E-003  5.6482329090358854E-004
     1006000  4.1683711553561677E-003  4.4512800957197373E-004
     1008000  4.3719305757414359E-003  3.2771470468231874E-004
     1010000  4.4846421394260814E-003  2.2979637284983563E-004
     1012000  4.5044683384417097E-003  1.7056539736068054E-004
     1014000  4.4319911495805725E-003  1.9736446345948539E-004
     1016000  4.2703195722519471E-003  3.0187444580118648E-004
     1018000  4.0250509813004555E-003  4.1249755530681014E-004
     1020000  3.7043028558245137E-003  5.1722044601086570E-004
     1022000  3.3188990406433391E-003  6.1107939304297040E-004
     1024000  2.8829336000361946E-003  6.9122886445766290E-004
     1026000  2.4152909726719248E-003  7.5576506692283830E-004
     1028000  1.9436877392071186E-003  8.0337721768813475E-004
     1030000  1.5152536110802856E-003  8.3321958749753516E-004
     1032000  1.2179298228569169E-003  8.4488012257246498E-004
     1034000  1.1715289944617513E-003  8.3838068002329528E-004
     1036000  1.3899985176573145E-003  8.1421534008919885E-004
     1038000  1.7527975460520898E-003  7.7324977347033514E-004
     1040000  2.1575183565240917E-003  7.1678045505733142E-004
     1042000  2.5510173464112773E-003  6.4654709090109842E-004
     1044000  2.9054187684665811E-003  5.6479822715898784E-004
     1046000  3.2043055831414927E-003  4.7439407541370393E-004
     1048000  3.4372879970528563E-003  3.7897680298871236E-004
     1050000  3.5978548606167885E-003  2.8401247017604051E-004
     1052000  3.6824468090867275E-003  2.0175436962534607E-004
     1054000  3.6900030977539224E-003  1.5300847784085599E-004
     1056000  3.6217010399208016E-003  1.6631292192092204E-004
     1058000  3.4807810421640241E-003  2.4800050666452431E-004
     1060000  3.2724252541173286E-003  3.3596969753769105E-004
     1062000  3.0037035315771989E-003  4.2044606342869306E-004
     1064000  2.6836534669087597E-003  4.9676358443926521E-004
NuVolAvg =  1.6875220166102203E+001
ReVolAvg =  2.3165665791409285E+002
     1066000  2.3236689125072899E-003  5.6273135989798209E-004
     1068000  1.9386535243847757E-003  6.1613684807501807E-004
     1070000  1.5502122796733585E-003  6.5571457471739201E-004
     1072000  1.1953813063468532E-003  6.8069833655416418E-004
     1074000  9.4596963642181234E-004  6.9071638805976257E-004
     1076000  9.0582589336304475E-004  6.8576577734079218E-004
     1078000  1.0889684865498551E-003  6.6621469711679673E-004
     1080000  1.3907865343576933E-003  6.3281118430031670E-004
     1082000  1.7259304129263069E-003  5.8658500498553329E-004
     1084000  2.0519445147408276E-003  5.2890226655683296E-004
     1086000  2.3469360453239568E-003  4.6145853872934964E-004
     1088000  2.5979262466303134E-003  3.8631960970838939E-004
     1090000  2.7964921630176114E-003  3.0612531777104388E-004
     1092000  2.9371086320968327E-003  2.2675034891164603E-004
     1094000  3.0164714866879132E-003  1.5951156340339478E-004
     1096000  3.0331986615117603E-003  1.1698347419925193E-004
     1098000  2.9876846906383776E-003  1.2795750522350010E-004
     1100000  2.8820218130752211E-003  1.9675478826482046E-004
     1102000  2.7199598511883599E-003  2.7112533825261802E-004
     1104000  2.5069136626148470E-003  3.4192840072609567E-004
     1106000  2.2500704093082785E-003  4.0568724867020379E-004
     1108000  1.9587359240837302E-003  4.6035345827145024E-004
     1110000  1.6452804476433632E-003  5.0460442267019634E-004
     1112000  1.3276564977313888E-003  5.3752259293502705E-004
     1114000  1.0360231958504388E-003  5.5852030187399169E-004
     1116000  8.2675225074129886E-004  5.6730177097817809E-004
     1118000  7.8081367035680966E-004  5.6386333411964694E-004
     1120000  9.1636034704453738E-004  5.4851993578408371E-004
     1122000  1.1554868962013254E-003  5.2183913182495293E-004
     1124000  1.4266975510971948E-003  4.8467261724275887E-004
     1126000  1.6924563880293727E-003  4.3816869914457932E-004
     1128000  1.9332334813016055E-003  3.8381183666320130E-004
     1130000  2.1376072336683248E-003  3.2349372719446480E-004
     1132000  2.2983456297311772E-003  2.5959595756723487E-004
     1134000  2.4108656607350560E-003  1.9562723661946708E-004
     1136000  2.4725773204299873E-003  1.3919523100268909E-004
     1138000  2.4825703162041357E-003  1.0422347966274872E-004
     1140000  2.4414402394438788E-003  1.0806391766434707E-004
     1142000  2.3511761697191410E-003  1.6183673645513413E-004
     1144000  2.2150847656740320E-003  2.2096421074488563E-004
     1146000  2.0377570835431787E-003  2.7807747135856020E-004
     1148000  1.8251188646655368E-003  3.2984658055662931E-004
     1150000  1.5846731348499287E-003  3.7478716487968999E-004
     1152000  1.3262202436395822E-003  4.1137943925530972E-004
NuVolAvg =  1.6829014777831571E+001
ReVolAvg =  2.3135688185994783E+002
     1154000  1.0638494201267959E-003  4.3873821549893552E-004
     1156000  8.2141345108921416E-004  4.5632519198724066E-004
     1158000  6.4517031632370121E-004  4.6386448075968795E-004
     1160000  6.0569019873850274E-004  4.6133099644874012E-004
     1162000  7.2029574034279426E-004  4.4894710368420407E-004
     1164000  9.2058745528885680E-004  4.2719330606021122E-004
     1166000  1.1462821446741268E-003  3.9674357981907304E-004
     1168000  1.3671211876796804E-003  3.5849639598531017E-004
     1170000  1.5676689983487829E-003  3.1357297198781112E-004
     1172000  1.7388755940200612E-003  2.6334120113223581E-004
     1174000  1.8749103436758883E-003  2.0953296656286546E-004
     1176000  1.9719625327358483E-003  1.5576483675087022E-004
     1178000  2.0277521995558691E-003  1.0967788983271497E-004
     1180000  2.0413125707885696E-003  7.9580961262224869E-005
     1182000  2.0128821820154601E-003  8.3326472075576541E-005
     1184000  1.9438444347519043E-003  1.2882442822630873E-004
     1186000  1.8366942017433582E-003  1.7890828039322004E-004
     1188000  1.6950360813027979E-003  2.2681911927730419E-004
     1190000  1.5236471455107043E-003  2.7011143807052307E-004
     1192000  1.3286924041169418E-003  3.0734342138697356E-004
     1194000  1.1183208031053655E-003  3.3760554600716368E-004
     1196000  9.0425684129323048E-004  3.6025788558986278E-004
     1198000  7.0601197469455400E-004  3.7489301035260723E-004
     1200000  5.6011176138484999E-004  3.8130162023112841E-004
     1202000  5.2121761255195505E-004  3.7947154614160496E-004
     1204000  6.0628641595566058E-004  3.6960488809718937E-004
     1206000  7.6471891771104838E-004  3.5207752462616939E-004
     1208000  9.4687716758599233E-004  3.2745323311241442E-004
     1210000  1.1264566500817812E-003  2.9649504890221509E-004
     1212000  1.2898686552960555E-003  2.6018844869422518E-004
     1214000  1.4292157544042042E-003  2.1979471259718836E-004
     1216000  1.5395003094625908E-003  1.7689265849622204E-004
     1218000  1.6175338249123979E-003  1.3377286298349938E-004
     1220000  1.6614772907765616E-003  9.5256558777784403E-005
     1222000  1.6706252590031158E-003  7.0682591928657320E-005
     1224000  1.6452888792000051E-003  7.1083461089778009E-005
     1226000  1.5867221449199866E-003  1.0660504796312102E-004
     1228000  1.4970728660209072E-003  1.4633597213246723E-004
     1230000  1.3793612173654043E-003  1.8489536632246330E-004
     1232000  1.2375114597513173E-003  2.1992697971070534E-004
     1234000  1.0765063575583305E-003  2.5042011724306059E-004
     1236000  9.0284651994154545E-004  2.7533768267134004E-004
     1238000  7.2582157014276576E-004  2.9406913131750824E-004
     1240000  5.6101521207930225E-004  3.0624388240735404E-004
NuVolAvg =  1.6752067964141279E+001
ReVolAvg =  2.3097700695599963E+002
     1242000  4.3860482074468287E-004  3.1166733136353108E-004
     1244000  4.0618596940157891E-004  3.1031399602682080E-004
     1246000  4.7903881983560532E-004  3.0232331543105428E-004
     1248000  6.1234448302912789E-004  2.8800995505053333E-004
     1250000  7.6420209592242567E-004  2.6782082476517396E-004
     1252000  9.1341388903140878E-004  2.4235134486619978E-004
     1254000  1.0492470839671187E-003  2.1234789742767727E-004
     1256000  1.1654604369984293E-003  1.7872071858640438E-004
     1258000  1.2580559793997600E-003  1.4261603586212217E-004
     1260000  1.3244297915373266E-003  1.0634713333849048E-004
     1262000  1.3630259272137068E-003  7.5018763493352110E-005
     1264000  1.3731817572673181E-003  5.4127665337626538E-005
     1266000  1.3550503231547677E-003  5.4918969781729176E-005
     1268000  1.3095558871550476E-003  8.4967947529121057E-005
     1270000  1.2383681517697486E-003  1.1859924074240241E-004
     1272000  1.1438976347651246E-003  1.5090254603512780E-004
     1274000  1.0293332621425732E-003  1.8017169347541990E-004
     1276000  8.9877900428949871E-004  2.0540187097603673E-004
     1278000  7.5763597081634311E-004  2.2597014864575034E-004
     1280000  6.1362465655979092E-004  2.4143542441571475E-004
     1282000  4.7949625954179544E-004  2.5151837234426653E-004
     1284000  3.7909757535716676E-004  2.5607328757268908E-004
     1286000  3.4905341046222648E-004  2.5508738557835785E-004
     1288000  4.0299562915489150E-004  2.4869140247218941E-004
     1290000  5.0806143505508145E-004  2.3713492524782504E-004
     1292000  6.3019720964692253E-004  2.2079210442267690E-004
     1294000  7.5118332250640255E-004  2.0017036476761800E-004
     1296000  8.6165030199887409E-004  1.7592456928951439E-004
     1298000  9.5617947414901143E-004  1.4889704666315093E-004
     1300000  1.0313452886893313E-003  1.2013640394894874E-004
     1302000  1.0849528589063255E-003  9.1147190023857408E-005
     1304000  1.1157186929324932E-003  6.5038973830520790E-005
     1306000  1.1231223717018599E-003  4.8000916997957149E-005
     1308000  1.1073275796113279E-003  4.6970720736407892E-005
     1310000  1.0691332774530316E-003  7.0356752980710324E-005
     1312000  1.0099416937937840E-003  9.7039162638959826E-005
     1314000  9.3174434213499620E-004  1.2303363977124863E-004
     1316000  8.3714231244095183E-004  1.4669812755116121E-004
     1318000  7.2944557319742475E-004  1.6734470220714740E-004
     1320000  6.1296847529078002E-004  1.8427071771833102E-004
     1322000  4.9384659830566027E-004  1.9705671478557589E-004
     1324000  3.8228968313692665E-004  2.0544871626234750E-004
     1326000  2.9800393754711999E-004  2.0930977012141816E-004
     1328000  2.7283977037186329E-004  2.0861644634259562E-004
     1330000  3.1909659747334786E-004  2.0345618805478870E-004
NuVolAvg =  1.6676318597707198E+001
ReVolAvg =  2.3062862286565672E+002
     1332000  4.0763400423212272E-004  1.9403434635647374E-004
     1334000  5.0958198018488654E-004  1.8064618536385647E-004
     1336000  6.1018234746603903E-004  1.6368630415638258E-004
     1338000  7.0200076374716148E-004  1.4365103235778682E-004
     1340000  7.8074204093514152E-004  1.2114602715511378E-004
     1342000  8.4366618084073374E-004  9.6931544902594791E-005
     1344000  8.8899104036126110E-004  7.2499605549226551E-005
     1346000  9.1564925188853720E-004  5.1217760267161076E-005
     1348000  9.2317947981153772E-004  3.6772246561835977E-005
     1350000  9.1167157470023995E-004  3.6259711558547347E-005
     1352000  8.8173487813726029E-004  5.6103911751520794E-005
     1354000  8.3447934697037350E-004  7.8700243869419981E-005
     1356000  7.7151075414232161E-004  1.0048153148349124E-004
     1358000  6.9495348158220510E-004  1.2026584494101511E-004
     1360000  6.0753761417274392E-004  1.3735730471564058E-004
     1362000  5.1284481070118537E-004  1.5132942711659200E-004
     1364000  4.1596743592455665E-004  1.6187893739134747E-004
     1366000  3.2526177361693172E-004  1.6881333903967022E-004
     1368000  2.5634561296541784E-004  1.7203124580925837E-004
     1370000  2.3376999455468613E-004  1.7152028309862206E-004
     1372000  2.6806236914096005E-004  1.6736517228569775E-004
     1374000  3.3785877451344737E-004  1.5973102543123931E-004
     1376000  4.1982702122744906E-004  1.4886532080487212E-004
     1378000  5.0137343124564808E-004  1.3510671238335626E-004
     1380000  5.7604935029866163E-004  1.1889023408720220E-004
     1382000  6.4014223966623077E-004  1.0077798668002211E-004
     1384000  6.9130774098359387E-004  8.1467801474955059E-005
     1386000  7.2803875002611042E-004  6.1950545511374870E-005
     1388000  7.4944441775709469E-004  4.4233696906022557E-005
     1390000  7.5514841437529631E-004  3.2460238083097478E-005
     1392000  7.4523547920035801E-004  3.1115847542946140E-005
     1394000  7.2021884183344107E-004  4.6563364811542738E-005
     1396000  6.8101903689077206E-004  6.4492627101884315E-005
     1398000  6.2895453145122334E-004  8.2019505686284393E-005
     1400000  5.6575456294320552E-004  9.8003140612340636E-005
     1402000  4.9362316711898673E-004  1.1197369048067034E-004
     1404000  4.1543031238565125E-004  1.2345494950422460E-004
     1406000  3.3524046485855849E-004  1.3216017627672028E-004
     1408000  2.5977245037456947E-004  1.3791612002416392E-004
     1410000  2.0196475048800302E-004  1.4062774722566575E-004
     1412000  1.8315929954533847E-004  1.4027623588942312E-004
     1414000  2.1275112500262553E-004  1.3691731900670380E-004
     1416000  2.7170494749743858E-004  1.3068617258553468E-004
     1418000  3.4020089521285835E-004  1.2177923649308975E-004
NuVolAvg =  1.6615834255130356E+001
ReVolAvg =  2.3035767569185774E+002
     1420000  4.0802502780106664E-004  1.1045903516997822E-004
     1422000  4.7005635951545750E-004  9.7056793693870921E-005
     1424000  5.2335266158777527E-004  8.1976608255510971E-005
     1426000  5.6604349408595120E-004  6.5724039184571233E-005
     1428000  5.9691370889304466E-004  4.9271503166171817E-005
     1430000  6.1523430908232211E-004  3.4852474916374508E-005
     1432000  6.2068679528097027E-004  2.4937541397061712E-005
     1434000  6.1332491239638506E-004  2.4053315692720637E-005
     1436000  5.9355240060898870E-004  3.7179561100612775E-005
     1438000  5.6210949493005872E-004  5.2351182431957203E-005
     1440000  5.2006880091411741E-004  6.7023242467111139E-005
     1442000  4.6884930217271949E-004  8.0376741069293310E-005
     1444000  4.1027241037765129E-004  9.1932376042363210E-005
     1446000  3.4672152058358701E-004  1.0139901273893893E-004
     1448000  2.8157043956742058E-004  1.0856970229039576E-004
     1450000  2.2032490263642371E-004  1.1331263684330528E-004
     1452000  1.7326055627695763E-004  1.1555790757638810E-004
     1454000  1.5680640508351049E-004  1.1529553156304847E-004
     1456000  1.7874819760959652E-004  1.1258071599119397E-004
     1458000  2.2516858673071941E-004  1.0752330522011751E-004
     1460000  2.8016003470310779E-004  1.0028758769416811E-004
     1462000  3.3506445270167849E-004  9.1098982987364386E-005
     1464000  3.8546251399314182E-004  8.0248185382577895E-005
     1466000  4.2882003026962047E-004  6.8110757490108816E-005
     1468000  4.6353905093833223E-004  5.5152947520691522E-005
     1470000  4.8859036184179211E-004  4.2030371816867831E-005
     1472000  5.0336113310817706E-004  3.0054349779242480E-005
     1474000  5.0758522248525652E-004  2.1978436310775797E-005
     1476000  5.0130690015758668E-004  2.0698596730216788E-005
     1478000  4.8485897157460729E-004  3.0874212763948627E-005
     1480000  4.5884863888045368E-004  4.2913745721250132E-005
     1482000  4.2415117002272262E-004  5.4719090543533997E-005
     1484000  3.8191807970161588E-004  6.5501563700945102E-005
     1486000  3.3361869589275004E-004  7.4940867101299017E-005
     1488000  2.8116451739524739E-004  8.2715314590799655E-005
     1490000  2.2725291657173786E-004  8.8629358159588096E-005
     1492000  1.7631609851747400E-004  9.2565178228461075E-005
     1494000  1.3686051910857895E-004  9.4457184799561959E-005
     1496000  1.2312961636337503E-004  9.4290924775884959E-005
     1498000  1.4206112600566521E-004  9.2101857303047594E-005
     1500000  1.8127012295476597E-004  8.7978997123071886E-005
     1502000  2.2722524157781998E-004  8.2052830707937544E-005
     1504000  2.7288603804242648E-004  7.4498036815396818E-005
     1506000  3.1473385247907375E-004  6.5535512227750370E-005
NuVolAvg =  1.6573742354447479E+001
ReVolAvg =  2.3016980738252818E+002
     1508000  3.5075648014272492E-004  5.5434774042240065E-005
     1510000  3.7967836114455002E-004  4.4532505133175278E-005
     1512000  4.0067122966141582E-004  3.3468496150643511E-005
     1514000  4.1323679954697148E-004  2.3708656031419625E-005
     1516000  4.1715434163181435E-004  1.6917052632931543E-005
     1518000  4.1245417593092925E-004  1.5983701121547561E-005
     1520000  3.9940222191167673E-004  2.4647068963172114E-005
     1522000  3.7849051872860834E-004  3.4832282691633755E-005
     1524000  3.5043398745524039E-004  4.4711786816973059E-005
     1526000  3.1617910288364711E-004  5.3720787625183018E-005
     1528000  2.7694005824477547E-004  6.1530440867870994E-005
     1530000  2.3430244912111146E-004  6.7941791721852797E-005
     1532000  1.9050206624424487E-004  7.2813739721599332E-005
     1534000  1.4916893223320527E-004  7.6055794161185086E-005
     1536000  1.1706829529327335E-004  7.7619711341304684E-005
     1538000  1.0518782941631014E-004  7.7497485548601034E-005
     1540000  1.1921193753331965E-004  7.5724830852823196E-005
     1542000  1.5008919539166707E-004  7.2374702432475476E-005
     1544000  1.8698448611549246E-004  6.7556062967461921E-005
     1546000  2.2395008416141102E-004  6.1418561365076101E-005
     1548000  2.5795905179232953E-004  5.4156391648639228E-005
     1550000  2.8728222538084997E-004  4.6020366254949264E-005
     1552000  3.1083083109035637E-004  3.7321744169215864E-005
     1554000  3.2790243015697556E-004  2.8494301406485201E-005
     1556000  3.3807600460439454E-004  2.0393174888208732E-005
     1558000  3.4116423185059957E-004  1.4856294984282584E-005
     1560000  3.3718884530996296E-004  1.3778331419438276E-005
     1562000  3.2636590506268567E-004  2.0479417363481938E-005
     1564000  3.0909631813401097E-004  2.8567966247790770E-005
     1566000  2.8596152150125922E-004  3.6521736373500823E-005
     1568000  2.5772865588427423E-004  4.3797065900843343E-005
     1570000  2.2537753848361107E-004  5.0175304842189259E-005
     1572000  1.9018163968978572E-004  5.5438945707735410E-005
     1574000  1.5393191823085415E-004  5.9454915368289790E-005
     1576000  1.1955501221348263E-004  6.2143044953838819E-005
     1578000  9.2651688164199187E-005  6.3458289620794999E-005
     1580000  8.2733619521069789E-005  6.3389764962527905E-005
     1582000  9.4854343016276336E-005  6.1960153036253046E-005
     1584000  1.2095222307323942E-004  5.9228147328829261E-005
     1586000  1.5179665223863248E-004  5.5280659312153896E-005
     1588000  1.8254221608122439E-004  5.0234121322939746E-005
     1590000  2.1077500277906638E-004  4.4235992199842902E-005
     1592000  2.3512062967521045E-004  3.7466310413410664E-005
     1594000  2.5471006956516483E-004  3.0149370777217745E-005
     1596000  2.6897917479817287E-004  2.2706250962596169E-005
NuVolAvg =  1.6547865314023884E+001
ReVolAvg =  2.3005260763599753E+002
     1598000  2.7758757219378886E-004  1.6103446613995327E-005
     1600000  2.8038248471217423E-004  1.1462066974414688E-005
     1602000  2.7738045880559923E-004  1.0639141546751809E-005
     1604000  2.6875670796558675E-004  1.6362150890099508E-005
     1606000  2.5483851917691187E-004  2.3199702259279912E-005
     1608000  2.3610281324319053E-004  2.9851262291455204E-005
     1610000  2.1318153932859798E-004  3.5927103666498742E-005
     1612000  1.8688509259722643E-004  4.1202080226314791E-005
     1614000  1.5826991006193862E-004  4.5540488177218858E-005
     1616000  1.2882048638082437E-004  4.8846387450217796E-005
     1618000  1.0093584087012926E-004  5.1057751018313520E-005
     1620000  7.9079959120061455E-005  5.2141449909807443E-005
     1622000  7.0600456893462498E-005  5.2091379832056270E-005
     1624000  7.9583968750453283E-005  5.0930768497239195E-005
     1626000  1.0013842522198854E-004  4.8708221069711502E-005
     1628000  1.2489575847881589E-004  4.5496049304692103E-005
     1630000  1.4977839225461395E-004  4.1393924363190566E-005
     1632000  1.7271658160645479E-004  3.6531132986584208E-005
     1634000  1.9253222634758036E-004  3.1075887655516632E-005
     1636000  2.0848473508013591E-004  2.5236420496342245E-005
     1638000  2.2009583285155542E-004  1.9300349144535069E-005
     1640000  2.2707744408616908E-004  1.3828236165336172E-005
     1642000  2.2929903025728146E-004  1.0044396453414266E-005
     1644000  2.2677083044351587E-004  9.1926679355814046E-006
     1646000  2.1963390895536202E-004  1.3601048973892660E-005
     1648000  2.0815376669155761E-004  1.9032773148396152E-005
     1650000  1.9271737992895317E-004  2.4388673307619404E-005
     1652000  1.7383647213237854E-004  2.9294471863007802E-005
     1654000  1.5216506983311014E-004  3.3600940884108360E-005
     1656000  1.2855239385111046E-004  3.7161188891349148E-005
     1658000  1.0418904599396370E-004  3.9884776839521827E-005
     1660000  8.1010616980760412E-005  4.1717222764666096E-005
     1662000  6.2709259070310058E-005  4.2627746935358905E-005
     1664000  5.5627405987493340E-005  4.2608365264150397E-005
     1666000  6.3388134350411096E-005  4.1673609738253220E-005
     1668000  8.0752989576328760E-005  3.9862241685343931E-005
     1670000  1.0144314974402563E-004  3.7232140191499989E-005
     1672000  1.2213162450966836E-004  3.3860923801022147E-005
     1674000  1.4116503784541436E-004  2.9847057025349199E-005
     1676000  1.5760576839977608E-004  2.5310777148736799E-005
     1678000  1.7086234258393169E-004  2.0401657074929213E-005
     1680000  1.8055084466048370E-004  1.5398464784270144E-005
     1682000  1.8643895094867536E-004  1.0936192111313546E-005
     1684000  1.8842101116148529E-004  7.7695881164277768E-006
NuVolAvg =  1.6534079083685352E+001
ReVolAvg =  2.2998752476588515E+002
     1686000  1.8650548589549921E-004  7.0954423842483834E-006
     1688000  1.8080762677669666E-004  1.0865623894704827E-005
     1690000  1.7154492286486329E-004  1.5454524165615959E-005
     1692000  1.5903531361081247E-004  1.9931170284543735E-005
     1694000  1.4370055826915459E-004  2.4027036715722604E-005
     1696000  1.2608142750101224E-004  2.7588543296816895E-005
     1698000  1.0688182007469345E-004  3.0522969112979634E-005
     1700000  8.7087689413502091E-005  3.2765146830919916E-005
     1702000  6.8285243753664525E-005  3.4272569275853074E-005
     1704000  5.3420581333732644E-005  3.5022460690379241E-005
     1706000  4.7402108587669758E-005  3.5010211008159308E-005
     1708000  5.3144475649952298E-005  3.4250884316544605E-005
     1710000  6.6821904438839431E-005  3.2776809971664330E-005
     1712000  8.3429943950732552E-005  3.0635949511559311E-005
     1714000  1.0017487663905748E-004  2.7894676971042623E-005
     1716000  1.1564187126653022E-004  2.4638873953519807E-005
     1718000  1.2902841671141513E-004  2.0981362417766487E-005
     1720000  1.3983085752186625E-004  1.7061492883061406E-005
     1722000  1.4772365114756395E-004  1.3069902882665032E-005
     1724000  1.5250981024525376E-004  9.3739639191453572E-006
     1726000  1.5409854759403845E-004  6.7895898585764504E-006
     1728000  1.5249386937687699E-004  6.1360238138230959E-006
     1730000  1.4778784231697797E-004  9.0320646625112524E-006
     1732000  1.4015628096909158E-004  1.2680188097846073E-005
     1734000  1.2985671230592621E-004  1.6286960304835342E-005
     1736000  1.1723043578378741E-004  1.9595189984101548E-005
     1738000  1.0271394592717925E-004  2.2502957504207529E-005
     1740000  8.6873481544682933E-005  2.4911040511281445E-005
     1742000  7.0500524744651437E-005  2.6758040185740667E-005
     1744000  5.4875411453671006E-005  2.8006849102861023E-005
     1746000  4.2432576739742765E-005  2.8636499105849465E-005
     1748000  3.7399677380584992E-005  2.8641137167840047E-005
     1750000  4.2358041338298497E-005  2.8030067600443314E-005
     1752000  5.3910705152770577E-005  2.6828878149378082E-005
     1754000  6.7789390450072770E-005  2.5076131213360559E-005
     1756000  8.1710640198696643E-005  2.2823565739604423E-005
     1758000  9.4542340482450845E-005  2.0136980256830601E-005
     1760000  1.0564496279869231E-004  1.7096695707401377E-005
     1762000  1.1461596713503457E-004  1.3802450737095887E-005
     1764000  1.2119406079834846E-004  1.0438683754271195E-005
     1766000  1.2522061623737607E-004  7.4227216773691554E-006
     1768000  1.2662253169449272E-004  5.2635524062236559E-006
     1770000  1.2540361265428782E-004  4.7374516126843977E-006
     1772000  1.2163955910753168E-004  7.2181627984443134E-006
NuVolAvg =  1.6528238978646151E+001
ReVolAvg =  2.2995694039608136E+002
     1774000  1.1547483470597394E-004  1.0298068700053664E-005
     1776000  1.0712137761962243E-004  1.3311116734992754E-005
     1778000  9.6860705341060181E-005  1.6072109280189933E-005
     1780000  8.5053777987633463E-005  1.8476481177812517E-005
     1782000  7.2169815740469253E-005  2.0460859781169468E-005
     1784000  5.8864080996414617E-005  2.1981034079090341E-005
     1786000  4.6186239905059321E-005  2.3007869270856168E-005
     1788000  3.6082239546472052E-005  2.3525757289442935E-005
     1790000  3.1831037093207650E-005  2.3531261313920195E-005
     1792000  3.5498373427843665E-005  2.3034162644224833E-005
     1794000  4.4602245968120902E-005  2.2055971219560119E-005
     1796000  5.5745241651778546E-005  2.0628544313664758E-005
     1798000  6.7014331811617603E-005  1.8796096062099333E-005
     1800000  7.7442846782105015E-005  1.6615743183842909E-005
     1802000  8.6484381879628811E-005  1.4162908586618719E-005
     1804000  9.3796611758804592E-005  1.1531287701351854E-005
     1806000  9.9158145173765345E-005  8.8472440425392678E-006
     1808000  1.0243449351271907E-004  6.3519217057978648E-006
     1810000  1.0356277436844564E-004  4.5889703369161682E-006
     1812000  1.0254394369250489E-004  4.0996769748213107E-006
     1814000  9.9438233731121946E-005  6.0014387800120341E-006
     1816000  9.4362234526925158E-005  8.4511467746890748E-006
     1818000  8.7487490861061769E-005  1.0879518063886241E-005
     1820000  7.9041794792357949E-005  1.3109890180428245E-005
     1822000  6.9316624445326134E-005  1.5072619031051571E-005
     1824000  5.8689741016459707E-005  1.6700693168118915E-005
     1826000  4.7687659830315819E-005  1.7952454621166556E-005
     1828000  3.7158034523521702E-005  1.8802656522638683E-005
     1830000  2.8707265134894625E-005  1.9237044092687457E-005
     1832000  2.5151878876005484E-005  1.9251398533693215E-005
     1834000  2.8316364425658061E-005  1.8851672216232303E-005
     1836000  3.6001308311075946E-005  1.8054787867326403E-005
     1838000  4.5309149878018507E-005  1.6886447353727335E-005
     1840000  5.4674413932370156E-005  1.5381152487948111E-005
     1842000  6.3322534533987997E-005  1.3582871691271749E-005
     1844000  7.0817586962639134E-005  1.1545284553676797E-005
     1846000  7.6885779828584445E-005  9.3349519880262219E-006
     1848000  8.1349392156282284E-005  7.0742254287818659E-006
     1850000  8.4100202579280171E-005  5.0372947713177346E-006
     1852000  8.5087712372393693E-005  3.5668032091310724E-006
     1854000  8.4313239414353011E-005  3.1676973155098256E-006
     1856000  8.1826490894185475E-005  4.7965538053831265E-006
     1858000  7.7723416719708492E-005  6.8631752468676751E-006
     1860000  7.2145290062048187E-005  8.8907146287845435E-006
     1862000  6.5280023505029586E-005  1.0751315565506667E-005
NuVolAvg =  1.6526989845873182E+001
ReVolAvg =  2.2994676890958237E+002
     1864000  5.7368580326504710E-005  1.2374032468913719E-005
     1866000  4.8723814313545381E-005  1.3715493702639451E-005
     1868000  3.9781375937035575E-005  1.4745741038307406E-005
     1870000  3.1236199774590137E-005  1.5444811167801887E-005
     1872000  2.4373872714842970E-005  1.5802008217463814E-005
     1874000  2.1382941324145798E-005  1.5814801947716768E-005
     1876000  2.3719075691451700E-005  1.5489528370632102E-005
     1878000  2.9776289168216127E-005  1.4840497727537788E-005
     1880000  3.7250616488908504E-005  1.3888857465612940E-005
     1882000  4.4832761123003396E-005  1.2664064880511565E-005
     1884000  5.1862393026664727E-005  1.1204146757226512E-005
     1886000  5.7967532210382985E-005  9.5593069837744225E-006
     1888000  6.2915548243533067E-005  7.7927674934976131E-006
     1890000  6.6555925322748073E-005  5.9882300615672014E-006
     1892000  6.8796895541714119E-005  4.3040826976922100E-006
     1894000  6.9594970689204998E-005  3.1022723509105229E-006
     1896000  6.8949649800237442E-005  2.7409139144081066E-006
     1898000  6.6900325558731693E-005  3.9873985823310115E-006
     1900000  6.3524307642390075E-005  5.6323010475793692E-006
     1902000  5.8935855545891575E-005  7.2671433685339018E-006
     1904000  5.3286986535789751E-005  8.7707516006922730E-006
     1906000  4.6772319518405310E-005  1.0095498802021914E-005
     1908000  3.9643855939109954E-005  1.1196146641531465E-005
     1910000  3.2251850300992296E-005  1.2044421173229080E-005
     1912000  2.5157545845915515E-005  1.2623142868879229E-005
     1914000  1.9420942572572992E-005  1.2922624163512654E-005
     1916000  1.6917296499792208E-005  1.2939830248181582E-005
     1918000  1.8930432584216691E-005  1.2678555321901446E-005
     1920000  2.4040483315261910E-005  1.2149989444283625E-005
     1922000  3.0281873430444192E-005  1.1371257038533573E-005
     1924000  3.6581607783048622E-005  1.0365361892249091E-005
     1926000  4.2409771508106119E-005  9.1616852023869079E-006
     1928000  4.7469221724325385E-005  7.7960972537577488E-006
     1930000  5.1573727732050459E-005  6.3130225294898436E-006
     1932000  5.4602396012496982E-005  4.7936404490074130E-006
     1934000  5.6481376467433125E-005  3.4178768611644783E-006
     1936000  5.7175773924441203E-005  2.4166494319900097E-006
     1938000  5.6685604287010517E-005  2.1192047147820582E-006
     1940000  5.5043454504245120E-005  3.1873231409228306E-006
     1942000  5.2313014096858750E-005  4.5740246962104042E-006
     1944000  4.8588424308963253E-005  5.9384412448343621E-006
     1946000  4.3995099551734547E-005  7.1922676719465897E-006
     1948000  3.8693894710902334E-005  8.2874282915420264E-006
     1950000  3.2893422884125881E-005  9.1942327952021830E-006
NuVolAvg =  1.6527980316736837E+001
ReVolAvg =  2.2994713416378966E+002
     1952000  2.6883377587670986E-005  9.8923749171353803E-006
     1954000  2.1123958215083798E-005  1.0368192998363391E-005
     1956000  1.6464646649481897E-005  1.0614351177611885E-005
     1958000  1.4365797887321338E-005  1.0629007309365928E-005
     1960000  1.5849561402290226E-005  1.0416255340144614E-005
     1962000  1.9879222282466285E-005  9.9856151344416326E-006
     1964000  2.4892878002806986E-005  9.3511284844557585E-006
     1966000  2.9994506075246818E-005  8.5324277472697002E-006
     1968000  3.4733047293661088E-005  7.5548374457451250E-006
     1970000  3.8855278084263705E-005  6.4517229603237782E-006
     1972000  4.2203129872686440E-005  5.2657872027489707E-006
     1974000  4.4674296714455556E-005  4.0525222722934343E-006
     1976000  4.6206193712163299E-005  2.9159781186216160E-006
     1978000  4.6768793283518732E-005  2.0971052608322470E-006
     1980000  4.6361018333944462E-005  1.8333876153083839E-006
     1982000  4.5008643083102334E-005  2.6497303145621557E-006
     1984000  4.2762952996244590E-005  3.7541399339973285E-006
     1986000  3.9700077587488872E-005  4.8546868031294876E-006
     1988000  3.5921492920147147E-005  5.8682715255808098E-006
     1990000  3.1557175729084282E-005  6.7623231475412437E-006
     1992000  2.6775275478954833E-005  7.5062887404501530E-006
     1994000  2.1808867000040234E-005  8.0809854025516171E-006
     1996000  1.7029716505743448E-005  8.4747272919992544E-006
     1998000  1.3137538865578337E-005  8.6809362413355926E-006
     2000000  1.1380483585795034E-005  8.6974482805572280E-006
     2002000  1.2657860010513481E-005  8.5266790084027922E-006
     2004000  1.6055142393534624E-005  8.1760327400705772E-006
     2006000  2.0239985723103928E-005  7.6569165112490834E-006
     2008000  2.4477287806028402E-005  6.9846805741359160E-006
     2010000  2.8404617678862774E-005  6.1789608050246203E-006
     2012000  3.1819481618892792E-005  5.2637298306366462E-006
     2014000  3.4595240012564514E-005  4.2686441898461285E-006
     2016000  3.6649682080380770E-005  3.2476369056091327E-006
     2018000  3.7932436658767699E-005  2.3187819855949609E-006
     2020000  3.8419419489074430E-005  1.6375546825118084E-006
     2022000  3.8110065750101028E-005  1.4189816838868382E-006
     2024000  3.7025733384359832E-005  2.1183594963725170E-006
     2026000  3.5208699702867429E-005  3.0486876330300168E-006
     2028000  3.2721703125145273E-005  3.9667604431832823E-006
     2030000  2.9648455027096492E-005  4.8115626791609444E-006
     2032000  2.6096349752952947E-005  5.5505606456377295E-006
     2034000  2.2204521951582164E-005  6.1634214522346938E-006
     2036000  1.8165667951557512E-005  6.6363848974098710E-006
     2038000  1.4284651897846652E-005  6.9601145186468672E-006
NuVolAvg =  1.6529751818075471E+001
ReVolAvg =  2.2995180567259766E+002
     2040000  1.1122886963122728E-005  7.1295748832728699E-006
     2042000  9.6542321243379491E-006  7.1434402369149505E-006
     2044000  1.0593494867181621E-005  7.0043521932254631E-006
     2046000  1.3273365787682424E-005  6.7186380440730107E-006
     2048000  1.6635858624400853E-005  6.2956280601626753E-006
     2050000  2.0067979779871096E-005  5.7484034178298677E-006
     2052000  2.3261653227675937E-005  5.0938392776308264E-006
     2054000  2.6044511641118904E-005  4.3540823020000711E-006
     2056000  2.8309164183873832E-005  3.5579748657581909E-006
     2058000  2.9986090069244971E-005  2.7423462501328150E-006
     2060000  3.1032626537274567E-005  1.9755909897089933E-006
     2062000  3.1428065943953678E-005  1.4179619594174716E-006
     2064000  3.1171196877032245E-005  1.2271282305598204E-006
     2066000  3.0278879019634503E-005  1.7607752840186907E-006
     2068000  2.8785134213415324E-005  2.5022093643242870E-006
     2070000  2.6740686402237415E-005  3.2429994135507459E-006
     2072000  2.4213272720290246E-005  3.9261925151183727E-006
     2074000  2.1289697162901602E-005  4.5295175382698438E-006
     2076000  1.8082160381466988E-005  5.0323378357332258E-006
     2078000  1.4745773679641712E-005  5.4216387849494807E-006
     2080000  1.1526829796345873E-005  5.6894695414234045E-006
     2082000  8.8872309658437522E-006  5.8313639990643772E-006
     2084000  7.6572581207518892E-006  5.8457839545452961E-006
     2086000  8.4646100713939347E-006  5.7342613703987134E-006
     2088000  1.0722217339300735E-005  5.5016950520172122E-006
     2090000  1.3527656907665404E-005  5.1556819819634976E-006
     2092000  1.6377425426412922E-005  4.7064644399926947E-006
     2094000  1.9023645126619776E-005  4.1671596139605112E-006
     2096000  2.1328320669873138E-005  3.5537938736777003E-006
     2098000  2.3205334567275664E-005  2.8861631554442208E-006
     2100000  2.4598780951003779E-005  2.2001210248170598E-006
     2102000  2.5474302931900309E-005  1.5730665923226242E-006
     2104000  2.5815281289579641E-005  1.1096931504204511E-006
     2106000  2.5620941092698170E-005  9.5063776265460456E-007
     2108000  2.4905262886901995E-005  1.4077892308061009E-006
     2110000  2.3696297870447967E-005  2.0319058319286035E-006
     2112000  2.2035846641571546E-005  2.6496344238358962E-006
     2114000  1.9979777148202649E-005  3.2188268878391270E-006
     2116000  1.7599786689720872E-005  3.7174787339447384E-006
     2118000  1.4988672127532697E-005  4.1316635433163577E-006
     2120000  1.2274619605019059E-005  4.4520550013786905E-006
     2122000  9.6596111634561710E-006  4.6722777669701053E-006
     2124000  7.5146747161575994E-006  4.7888761221130370E-006
     2126000  6.4889445518009037E-006  4.8008965607880730E-006
     2128000  7.0809153542329364E-006  4.7100410819117421E-006
NuVolAvg =  1.6531519102226934E+001
ReVolAvg =  2.2995731758325584E+002
     2130000  8.8625201081646996E-006  4.5205154839758858E-006
     2132000  1.1117451062056350E-005  4.2385156807001764E-006
     2134000  1.3426347756109540E-005  3.8727599309267876E-006
     2136000  1.5578770668127675E-005  3.4344951067516208E-006
     2138000  1.7457380854285174E-005  2.9384147924974819E-006
     2140000  1.8989215307781526E-005  2.4039756558144112E-006
     2142000  2.0127033815549941E-005  1.8556646452192160E-006
     2144000  2.0841759168735958E-005  1.3384406602134966E-006
     2146000  2.1119121261584262E-005  9.5881500662370641E-007
     2148000  2.0957980472954456E-005  8.2167178357009069E-007
     2150000  2.0369359834512407E-005  1.1700447250770300E-006
     2152000  1.9375828310841588E-005  1.6677717770139673E-006
     2154000  1.8011183674989058E-005  2.1663861440541871E-006
     2156000  1.6320643874825259E-005  2.6268676441806481E-006
     2158000  1.4362183769071338E-005  3.0339891008627877E-006
     2160000  1.2210677731934052E-005  3.3738079284826137E-006
     2162000  9.9693671073655151E-006  3.6374922548720416E-006
     2164000  7.8014531088259201E-006  3.8196341070315443E-006
     2166000  6.0118969447760396E-006  3.9172002667695170E-006
     2168000  5.1528242734575472E-006  3.9291054636796493E-006
     2170000  5.6610153253348814E-006  3.8563146980311687E-006
     2172000  7.1608255922177220E-006  3.7020723967709477E-006
     2174000  9.0413922799786119E-006  3.4714375243556586E-006
     2176000  1.0957909424613929E-005  3.1712440888295621E-006
     2178000  1.2740854144557009E-005  2.8102565133284850E-006
     2180000  1.4296189383665358E-005  2.3991892302109438E-006
     2182000  1.5565357810100929E-005  1.9512601082725002E-006
     2184000  1.6510346470073903E-005  1.4903133392030164E-006
     2186000  1.7107727033911096E-005  1.0670753303873912E-006
     2188000  1.7346040237790865E-005  7.5202012861574088E-007
     2190000  1.7224500762839195E-005  6.3724839323159640E-007
     2192000  1.6752254958980162E-005  9.3562093887488373E-007
     2194000  1.5947913717668217E-005  1.3542641598850628E-006
     2196000  1.4839327955464390E-005  1.7698831598740859E-006
     2198000  1.3463785383169073E-005  2.1533555396365086E-006
     2200000  1.1869156140687900E-005  2.4898005421063381E-006
     2202000  1.0117340587111245E-005  2.7696867912390475E-006
     2204000  8.2936287999279844E-006  2.9866872973597342E-006
     2206000  6.5318728607184926E-006  3.1364559638595796E-006
     2208000  5.0773040247391225E-006  3.2166222828626946E-006
     2210000  4.3624022077595336E-006  3.2265020916609258E-006
     2212000  4.7337721813107722E-006  3.1671905248304174E-006
     2214000  5.9177856433324986E-006  3.0414834331538139E-006
     2216000  7.4297818563041668E-006  2.8534967969898623E-006
NuVolAvg =  1.6532941885420506E+001
ReVolAvg =  2.2996204539574438E+002
     2218000  8.9829201080234040E-006  2.6090419546988495E-006
     2220000  1.0433455685730476E-005  2.3156120214325778E-006
     2222000  1.1701510638317216E-005  1.9829592533728391E-006
     2224000  1.2737515757374183E-005  1.6241933245467724E-006
     2226000  1.3509375535434205E-005  1.2556127213669874E-006
     2228000  1.3997278406044895E-005  9.0679873075453366E-007
     2230000  1.4191399527964379E-005  6.4846606488577639E-007
     2232000  1.4090757313000880E-005  5.5048446816374497E-007
     2234000  1.3702555945441816E-005  7.7749481044147875E-007
     2236000  1.3041766815734422E-005  1.1115819038454924E-006
     2238000  1.2130910050755602E-005  1.4471581718867265E-006
     2240000  1.1000171467322589E-005  1.7575039371041515E-006
     2242000  9.6882725186856161E-006  2.0322056356355276E-006
     2244000  8.2451816920469446E-006  2.2618422134853298E-006
     2246000  6.7396239267014953E-006  2.4404212292237427E-006
     2248000  5.2797598367218070E-006  2.5642621802160241E-006
     2250000  4.0669484108816224E-006  2.6313073928952933E-006
     2252000  3.4681738521494078E-006  2.6407915461931996E-006
     2254000  3.7864766794247501E-006  2.5933213696803522E-006
     2256000  4.7824274734267989E-006  2.4910443947209007E-006
     2258000  6.0428292760987122E-006  2.3373289062722831E-006
     2260000  7.3316009716614121E-006  2.1367344388938599E-006
     2262000  8.5328064682894685E-006  1.8951174266060815E-006
     2264000  9.5823630226659820E-006  1.6196399460202015E-006
     2266000  1.0440453929521895E-005  1.3191294512575651E-006
     2268000  1.1081233828364426E-005  1.0094532568313024E-006
     2270000  1.1488728690065149E-005  7.2383132075410418E-007
     2272000  1.1655040937926015E-005  5.0968716311745868E-007
     2274000  1.1579463633931920E-005  4.2741006502649335E-007
     2276000  1.1267974552659230E-005  6.2177457668259666E-007
     2278000  1.0732917728026011E-005  9.0256427408128419E-007
     2280000  9.9928469895962099E-006  1.1821892769697472E-006
     2282000  9.0726471798693407E-006  1.4405276708166827E-006
     2284000  8.0042788813285697E-006  1.6675198465256345E-006
     2286000  6.8290338760398383E-006  1.8566439342017483E-006
     2288000  5.6036653629854887E-006  2.0036062431834284E-006
     2290000  4.4168850637205529E-006  2.1054468552412596E-006
     2292000  3.4307737514524329E-006  2.1605369707817411E-006
     2294000  2.9333230561891396E-006  2.1683898680143851E-006
     2296000  3.1649404750687672E-006  2.1297078489197891E-006
     2298000  3.9514680464453332E-006  2.0463480811181518E-006
     2300000  4.9651731207438553E-006  1.9210460940933439E-006
     2302000  6.0098670420174060E-006  1.7576747841609787E-006
     2304000  6.9873513553362628E-006  1.5612260045427523E-006
NuVolAvg =  1.6533939460291460E+001
ReVolAvg =  2.2996546635396632E+002
     2306000  7.8432440085792156E-006  1.3381765747398019E-006
     2308000  8.5438671864222661E-006  1.0973388159936964E-006
     2310000  9.0674149888323500E-006  8.4958126076710563E-007
     2312000  9.4003903283532063E-006  6.1437214165707072E-007
     2314000  9.5360322184174005E-006  4.3862441056527914E-007
     2316000  9.4735357729028640E-006  3.6895238571393808E-007
     2318000  9.2176054733305117E-006  5.1660919190478942E-007
     2320000  8.7781710573150137E-006  7.4084434939722437E-007
     2322000  8.1702371124821482E-006  9.6668008148238638E-007
     2324000  7.4139539592844955E-006  1.1758331182315308E-006
     2326000  6.5351835972477591E-006  1.3611800435661205E-006
     2328000  5.5672742280257254E-006  1.5163535988161046E-006
     2330000  4.5559778888529244E-006  1.6372868372973894E-006
     2332000  3.5729866740503215E-006  1.7214760440357989E-006
     2334000  2.7512619170846623E-006  1.7675241612314953E-006
     2336000  2.3346402374059556E-006  1.7748925289469821E-006
     2338000  2.5328610933729288E-006  1.7439623101414831E-006
     2340000  3.1939649847631486E-006  1.6761536434192210E-006
     2342000  4.0386298692934575E-006  1.5737099708636808E-006
     2344000  4.9052343741870541E-006  1.4396724952401910E-006
     2346000  5.7144869428552173E-006  1.2779550910279768E-006
     2348000  6.4227158319250047E-006  1.0933453598113732E-006
     2350000  7.0028472017451913E-006  8.9173959123053253E-007
     2352000  7.4373093870826359E-006  6.8369856543264304E-007
     2354000  7.7152124124392272E-006  4.9097117004576145E-007
     2356000  7.8311163471015783E-006  3.4545742110983459E-007
     2358000  7.7844254760901701E-006  2.8681461100454175E-007
     2360000  7.5790435067639016E-006  4.1319431017600061E-007
     2362000  7.2231565600441665E-006  6.0150760528608002E-007
     2364000  6.7291243482943358E-006  7.8963034371146065E-007
     2366000  6.1135544372094103E-006  9.6366093139481035E-007
     2368000  5.3977862477551273E-006  1.1168015038929657E-006
     2370000  4.6093665416544752E-006  1.2445875117220833E-006
     2372000  3.7860648092054679E-006  1.3441065344158660E-006
     2374000  2.9866851681868425E-006  1.4133435149628596E-006
     2376000  2.3183565171396108E-006  1.4511800827245570E-006
     2378000  1.9727716052930046E-006  1.4572699638466251E-006
     2380000  2.1162864716336498E-006  1.4320637191886055E-006
     2382000  2.6385594651314882E-006  1.3767944949782138E-006
     2384000  3.3181091732346622E-006  1.2932803571390121E-006
     2386000  4.0207633405034113E-006  1.1841019992871352E-006
     2388000  4.6794344028549109E-006  1.0525857834279641E-006
     2390000  5.2570963901232601E-006  9.0303860324680818E-007
     2392000  5.7308682941445326E-006  7.4136442549005750E-007
     2394000  6.0859361279112320E-006  5.7483106860850045E-007
NuVolAvg =  1.6534559385552917E+001
ReVolAvg =  2.2996762560887501E+002
     2396000  6.3131065224432865E-006  4.1625333977117927E-007
     2398000  6.4077299253307288E-006  2.9673195372980256E-007
     2400000  6.3691684497707951E-006  2.4740155053607621E-007
     2402000  6.2004922715316620E-006  3.4325416336278857E-007
     2404000  5.9082867519641731E-006  4.9374242897149808E-007
     2406000  5.5025489585479399E-006  6.4571252965137558E-007
     2408000  4.9967302159732544E-006  7.8665950717824262E-007
     2410000  4.4081041823425498E-006  9.1170913254884599E-007
     2412000  3.7589282400343756E-006  1.0165576426387156E-006
     2414000  3.0796641524442484E-006  1.0984449760432627E-006
     2416000  2.4178392711659623E-006  1.1556678391245398E-006
     2418000  1.8612579090094467E-006  1.1872771435237686E-006
     2420000  1.5718699927409644E-006  1.1928957212066164E-006
     2422000  1.6944901491792542E-006  1.1727612743758890E-006
     2424000  2.1331336166421987E-006  1.1278127992274539E-006
     2426000  2.6991119570123648E-006  1.0595448203547937E-006
     2428000  3.2817976428471742E-006  9.6998560767692990E-007
     2430000  3.8269600499315890E-006  8.6175016062581028E-007
     2432000  4.3048363806427084E-006  7.3803970859863970E-007
     2434000  4.6970176128978973E-006  6.0279205834130310E-007
     2436000  4.9915579250668075E-006  4.6304065793375975E-007
     2438000  5.1810344574952356E-006  3.3301717237464740E-007
     2440000  5.2617021687856563E-006  2.3416826509360311E-007
     2442000  5.2330794932108358E-006  1.9257715452265066E-007
     2444000  5.0977133726481150E-006  2.7456912280252639E-007
     2446000  4.8610314228662220E-006  4.0084953090662043E-007
     2448000  4.5312663946109166E-006  5.2740647858126283E-007
     2450000  4.1195013685811129E-006  6.4463781618055217E-007
     2452000  3.6399842317997858E-006  7.4794896657629700E-007
     2454000  3.1110928873036167E-006  8.3428579766247171E-007
     2456000  2.5579654011653595E-006  9.0167137480895406E-007
     2458000  2.0195855597947061E-006  9.4873542400075998E-007
     2460000  1.5667606103022699E-006  9.7471007121719615E-007
     2462000  1.3270248411737995E-006  9.7934924224212161E-007
     2464000  1.4152431798794498E-006  9.6294107952149549E-007
     2466000  1.7618813385998667E-006  9.2630491652628081E-007
     2468000  2.2173600025235308E-006  8.7064835861956411E-007
     2470000  2.6899269106774094E-006  7.9769128975206664E-007
     2472000  3.1337444803827536E-006  7.0965017615705723E-007
     2474000  3.5236012439536159E-006  6.0939109583034146E-007
     2476000  3.8439509352207854E-006  5.0086131301959801E-007
     2478000  4.0847296912057310E-006  3.8892903606449004E-007
     2480000  4.2396762112743892E-006  2.8203021606215542E-007
     2482000  4.3055943971463205E-006  2.0076987057422020E-007
NuVolAvg =  1.6534895619126512E+001
ReVolAvg =  2.2996879970304926E+002
     2484000  4.2819902444842365E-006  1.6596675521009337E-007
     2486000  4.1708654736396739E-006  2.2805298460832268E-007
     2488000  3.9765865890762191E-006  3.2903990429906490E-007
     2490000  3.7058137344731715E-006  4.3129787409107618E-007
     2492000  3.3675259314764887E-006  5.2627764615899376E-007
     2494000  2.9732603756618863E-006  6.1064261414568419E-007
     2496000  2.5378724816070841E-006  6.8148432321514155E-007
     2498000  2.0816451603345611E-006  7.3692889247583968E-007
     2500000  1.6360896851542390E-006  7.7581791713163076E-007
     2502000  1.2591925971487531E-006  7.9750607565474631E-007
     2504000  1.0584777688112146E-006  8.0173024407576678E-007
     2506000  1.1337224962267769E-006  7.8863738270916947E-007
     2508000  1.4246309011142572E-006  7.5884860249701379E-007
     2510000  1.8038245304597858E-006  7.1335893620209998E-007
     2512000  2.1955889324910740E-006  6.5352134357678708E-007
     2514000  2.5628312661532502E-006  5.8108314561338387E-007
     2516000  2.8852665244238221E-006  4.9818447021161143E-007
     2518000  3.1503770951447850E-006  4.0745598787987244E-007
     2520000  3.3500420213742712E-006  3.1358160947796232E-007
     2522000  3.4792022885526449E-006  2.2587255361891175E-007
     2524000  3.5352808801079196E-006  1.5873855762478342E-007
     2526000  3.5178993998253903E-006  1.2936467563761195E-007
     2528000  3.4287179534631954E-006  1.8244223869278957E-007
     2530000  3.2713344616202571E-006  2.6711567792800433E-007
     2532000  3.0512323140003589E-006  3.5225243395634766E-007
     2534000  2.7758076475763420E-006  4.3121987469964846E-007
     2536000  2.4545736080011974E-006  5.0091246283642919E-007
     2538000  2.0997917212632406E-006  5.5924224357760014E-007
     2540000  1.7281946991504125E-006  6.0486605992124620E-007
     2542000  1.3656298009047726E-006  6.3685326747146265E-007
     2544000  1.0588981438155537E-006  6.5467651789399616E-007
     2546000  8.9281374114863462E-007  6.5816130468157600E-007
     2548000  9.4652984050172260E-007  6.4749148955019225E-007
     2550000  1.1764916487387072E-006  6.2321132149525138E-007
     2552000  1.4817439490058132E-006  5.8612334449904213E-007
     2554000  1.7995480819311638E-006  5.3737308651488224E-007
     2556000  2.0985827655514745E-006  4.7843801993470944E-007
     2558000  2.3616797721924769E-006  4.1122597637724208E-007
     2560000  2.5782760169859792E-006  3.3837280039903158E-007
     2562000  2.7415348348084822E-006  2.6314265827660842E-007
     2564000  2.8471924167558668E-006  1.9109064475514248E-007
     2566000  2.8930528435684138E-006  1.3585961902759289E-007
     2568000  2.8787402786857061E-006  1.1138553848952205E-007
     2570000  2.8055586749975135E-006  1.5150813968315297E-007
NuVolAvg =  1.6535043951599821E+001
ReVolAvg =  2.2996930715487775E+002
     2572000  2.6764028745508831E-006  2.1926930263692890E-007
     2574000  2.4957097247780940E-006  2.8807238871509813E-007
     2576000  2.2694728280035225E-006  3.5207349063818666E-007
     2578000  2.0053980554055028E-006  4.0898745023110926E-007
     2580000  1.7134009234159239E-006  4.5684952719272540E-007
     2582000  1.4069880699598868E-006  4.9438689135020743E-007
     2584000  1.1070548901408760E-006  5.2081222634328365E-007
     2586000  8.5189906528060470E-007  5.3568604120948426E-007
     2588000  7.1288469049879254E-007  5.3882541805196189E-007
     2590000  7.5861889275430704E-007  5.3032087573369914E-007
     2592000  9.5145927420260338E-007  5.1058274554548532E-007
     2594000  1.2054771923484740E-006  4.8027365528133937E-007
     2596000  1.4688607694539979E-006  4.4029599529731028E-007
     2598000  1.7162380588614649E-006  3.9181736188852108E-007
     2600000  1.9337830159182654E-006  3.3626842411276013E-007
     2602000  2.1129839714409013E-006  2.7540818938507060E-007
     2604000  2.2483204567496036E-006  2.1235278642199815E-007
     2606000  2.3363450308169112E-006  1.5319625720879918E-007
     2608000  2.3752853195373172E-006  1.0761344463578233E-007
     2610000  2.3648501988938954E-006  8.6944373463831765E-008
     2612000  2.3061206801522464E-006  1.2122005018086662E-007
     2614000  2.2014813497857328E-006  1.7798939662438033E-007
     2616000  2.0545841418079303E-006  2.3525953037956364E-007
     2618000  1.8703646487032504E-006  2.8845019253627459E-007
     2620000  1.6551747480234627E-006  3.3546218974481668E-007
     2622000  1.4171955856911058E-006  3.7486792336851233E-007
     2624000  1.1675660560221079E-006  4.0575527528920904E-007
     2626000  9.2342561831477617E-007  4.2749235984437391E-007
     2628000  7.1570850875948577E-007  4.3971675312993115E-007
     2630000  6.0079449126042849E-007  4.4230534905641913E-007
     2632000  6.3312352448713830E-007  4.3537513956442974E-007
     2634000  7.8560492115974110E-007  4.1928738131129056E-007
     2636000  9.9014834285257220E-007  3.9457559109329170E-007
     2638000  1.2038584210305739E-006  3.6200251882951309E-007
     2640000  1.4053310862026673E-006  3.2255314960137733E-007
     2642000  1.5828742532620087E-006  2.7749790484976046E-007
     2644000  1.7293104156753977E-006  2.2859510227727660E-007
     2646000  1.8399953098618941E-006  1.7803508397713639E-007
     2648000  1.9120256796115762E-006  1.2947669550194338E-007
     2650000  1.9438934184761886E-006  9.1947946784839553E-008
     2652000  1.9353164314485454E-006  7.4786978949520843E-008
     2654000  1.8871432458050408E-006  1.0064800359299636E-007
     2656000  1.8012926498389795E-006  1.4611046713465045E-007
     2658000  1.6807201309431913E-006  1.9240089982610960E-007
     2660000  1.5294263273309892E-006  2.3552573468598748E-007
NuVolAvg =  1.6535082343266158E+001
ReVolAvg =  2.2996942008890576E+002
     2662000  1.3525580516421132E-006  2.7391891671770986E-007
     2664000  1.1567337560268504E-006  3.0625408545976972E-007
     2666000  9.5094833161148712E-007  3.3166608846498610E-007
     2668000  7.4905932810568240E-007  3.4962024057303124E-007
     2670000  5.7636217627447850E-007  3.5981623175971967E-007
     2672000  4.8020545157231650E-007  3.6212804003477198E-007
     2674000  5.0767582789638925E-007  3.5661070454054617E-007
     2676000  6.3544386401137403E-007  3.4353508153548996E-007
     2678000  8.0558443070421442E-007  3.2334258625513907E-007
     2680000  9.8264699403912078E-007  2.9663483605403276E-007
     2682000  1.1492757245674869E-006  2.6419213723945596E-007
     2684000  1.2960462736479152E-006  2.2697093541757841E-007
     2686000  1.4171707618238301E-006  1.8614845967588828E-007
     2688000  1.5088965766591222E-006  1.4379495491445848E-007
     2690000  1.5688747441870005E-006  1.0390136789861283E-007
     2692000  1.5958868253949863E-006  7.2958272483845751E-008
     2694000  1.5897123511411496E-006  5.8460571092343997E-008
     2696000  1.5510544696670734E-006  8.0536848159147915E-008
     2698000  1.4814932644224418E-006  1.1859414486876778E-007
     2700000  1.3834607217467710E-006  1.5711710216317660E-007
     2702000  1.2602503549472146E-006  1.9294410697752075E-007
     2704000  1.1161032952201402E-006  2.2465558023300300E-007
     2706000  9.5647840126224984E-007  2.5127560120700928E-007
     2708000  7.8879143500013068E-007  2.7218483626238636E-007
     2710000  6.2440894190532008E-007  2.8695442908397187E-007
     2712000  4.8377787618170131E-007  2.9533526749152404E-007
     2714000  4.0436162367856128E-007  2.9724076832745067E-007
     2716000  4.2353669197905209E-007  2.9274511869765789E-007
     2718000  5.2459098334743633E-007  2.8208801031106950E-007
     2720000  6.6163195795612278E-007  2.6562415587352031E-007
     2722000  8.0533410766108740E-007  2.4386121673096675E-007
     2724000  9.4106910599745947E-007  2.1745623042634352E-007
     2726000  1.0608735358698070E-006  1.8725518838747685E-007
     2728000  1.1598701347587532E-006  1.5443009819467332E-007
     2730000  1.2349040117182103E-006  1.2045151778842546E-007
     2732000  1.2839985167212708E-006  8.7730022722332815E-008
     2734000  1.3061183353633947E-006  6.2236704915630164E-008
     2736000  1.3010540242796081E-006  5.0235247487281559E-008
     2738000  1.2693571464900575E-006  6.6856963192159614E-008
     2740000  1.2122992889558381E-006  9.7355615150571920E-008
     2742000  1.1318490332731836E-006  1.2849785661627843E-007
     2744000  1.0306766694305194E-006  1.5755482692119186E-007
     2746000  9.1221979566945339E-007  1.8345300587246830E-007
     2748000  7.8089627834023912E-007  2.0529724710225388E-007
NuVolAvg =  1.6535065873200203E+001
ReVolAvg =  2.2996933583707238E+002
     2750000  6.4269686204984011E-007  2.2249941164749795E-007
     2752000  5.0681287926517170E-007  2.3469644372401429E-007
     2754000  3.8995306593301491E-007  2.4168283744393955E-007
     2756000  3.2352236742125012E-007  2.4337208860828934E-007
     2758000  3.3978059265471488E-007  2.3979731542743905E-007
     2760000  4.2439116462659230E-007  2.3113722420048892E-007
     2762000  5.3833520523879448E-007  2.1768579137466508E-007
     2764000  6.5736046445939191E-007  1.9984411028779448E-007
     2766000  7.6959394077595116E-007  1.7813369839174539E-007
     2768000  8.6861124707177192E-007  1.5319387982615499E-007
     2770000  9.5047658943769320E-007  1.2581320500410109E-007
     2772000  1.0126391802206818E-006  9.7365829336295322E-008
     2774000  1.0534987087925602E-006  7.0466143855588886E-008
     2776000  1.0722179303212274E-006  4.9465892977862208E-008
     2778000  1.0686319856905137E-006  3.9326263637420171E-008
     2780000  1.0431977325255427E-006  5.3504585772983995E-008
     2782000  9.9696196444880679E-007  7.9014881426832689E-008
     2784000  9.3154413765102922E-007  1.0492613916457905E-007
     2786000  8.4914196019912930E-007  1.2905682378294740E-007
     2788000  7.5258724931368946E-007  1.5044661129551067E-007
     2790000  6.4552259114985813E-007  1.6842852701882706E-007
     2792000  5.3288550847493917E-007  1.8258196028860006E-007
     2794000  4.2221496487144272E-007  1.9261597498408803E-007
     2796000  3.2702633889315065E-007  1.9835943006789822E-007
     2798000  2.7220381496875770E-007  1.9975146175353420E-007
     2800000  2.8336511576467338E-007  1.9683901585206581E-007
     2802000  3.5030083688242555E-007  1.8978102966903649E-007
     2804000  4.4210226607745352E-007  1.7881332649253446E-007
     2806000  5.3872324071886336E-007  1.6427383329072535E-007
     2808000  6.3016535323120581E-007  1.4660091449174618E-007
     2810000  7.1100426479205983E-007  1.2635771683542309E-007
     2812000  7.7792563291725718E-007  1.0432529398592028E-007
     2814000  8.2878634035374670E-007  8.1491270345234838E-008
     2816000  8.6224074033216615E-007  5.9444256930167539E-008
     2818000  8.7757836200204414E-007  4.2131373261775478E-008
     2820000  8.7464508018259522E-007  3.3758199953682301E-008
     2822000  8.5379900063764657E-007  4.4407941932092751E-008
     2824000  8.1588263080816725E-007  6.4865657301199681E-008
     2826000  7.6220708833516074E-007  8.5815499147779365E-008
     2828000  6.9455463340736859E-007  1.0539299439199827E-007
     2830000  6.1522125256454499E-007  1.2286178711809516E-007
     2832000  5.2715598104212760E-007  1.3761812010283011E-007
     2834000  4.3434905249920043E-007  1.4926202186370991E-007
     2836000  3.4289756291106862E-007  1.5754690144402117E-007
NuVolAvg =  1.6535029006111710E+001
ReVolAvg =  2.2996917989762255E+002
     2838000  2.6383910235697270E-007  1.6233223995861699E-007
     2840000  2.1799723148829163E-007  1.6355860325832576E-007
     2842000  2.2743694938738425E-007  1.6124574478356618E-007
     2844000  2.8343733266690584E-007  1.5551145160697642E-007
     2846000  3.5973511947936442E-007  1.4655151919231089E-007
     2848000  4.3974148878214000E-007  1.3463339461527402E-007
     2850000  5.1533371244206635E-007  1.2010548768666316E-007
     2852000  5.8213210241013599E-007  1.0339523397325594E-007
     2854000  6.3746021971064586E-007  8.5031109005163593E-008
     2856000  6.7958424739565158E-007  6.5924659158802171E-008
     2858000  7.0741404978486637E-007  4.7789050418344677E-008
     2860000  7.2037455508673039E-007  3.3539730416169251E-008
     2862000  7.1834372619352720E-007  2.6466628938105796E-008
     2864000  7.0161803270027217E-007  3.5543244661262635E-008
     2866000  6.7089081418470584E-007  5.2641613122930310E-008
     2868000  6.2724037462171395E-007  7.0068980672243633E-008
     2870000  5.7213315914857667E-007  8.6321307796304830E-008
     2872000  5.0745998613487901E-007  1.0074843905770801E-007
     2874000  4.3565157128783952E-007  1.1289477938762152E-007
     2876000  3.5999566255760675E-007  1.2247456095133919E-007
     2878000  2.8549310041109931E-007  1.2929046082344709E-007
     2880000  2.2107771009554272E-007  1.3322504089372174E-007
     2882000  1.8327214939170950E-007  1.3423548469047952E-007
     2884000  1.8960671368020989E-007  1.3235143209818655E-007
     2886000  2.3391814657521281E-007  1.2767819658998210E-007
     2888000  2.9540494727024105E-007  1.2037261851467949E-007
     2890000  3.6036562802708167E-007  1.1065964295059854E-007
     2892000  4.2196567486701646E-007  9.8831684765161085E-008
     2894000  4.7650990438857641E-007  8.5263677315058995E-008
     2896000  5.2174593884815315E-007  7.0475870825475436E-008
     2898000  5.5621796906342078E-007  5.5131766942058330E-008
     2900000  5.7900999765126324E-007  4.0278611019078012E-008
     2902000  5.8963464648169296E-007  2.8524241553842024E-008
     2904000  5.8797933243113438E-007  2.2695284392010134E-008
     2906000  5.7427625671653916E-007  2.9494746710445502E-008
     2908000  5.4908351325700364E-007  4.3215796921595553E-008
     2910000  5.1327426255978114E-007  5.7308269264855400E-008
     2912000  4.6803801531076861E-007  7.0498310094068382E-008
     2914000  4.1490825748840563E-007  8.2280811612781641E-008
     2916000  3.5585360176002190E-007  9.2248629098468823E-008
     2918000  2.9353200895970785E-007  1.0012969794797708E-007
     2920000  2.3198849895469883E-007  1.0575653622597493E-007
     2922000  1.7851490838482561E-007  1.0903305425155329E-007
     2924000  1.4691466788117089E-007  1.0991842086802210E-007
     2926000  1.5225615934233597E-007  1.0842429247851447E-007
NuVolAvg =  1.6534990586246636E+001
ReVolAvg =  2.2996902158254827E+002
     2928000  1.8929980204334702E-007  1.0462821556889021E-007
     2930000  2.4038190423365505E-007  9.8660631253136283E-008
     2932000  2.9415731682361438E-007  9.0699820918834759E-008
     2934000  3.4506867873381395E-007  8.0978566501467805E-008
     2936000  3.9013002051030620E-007  6.9782658081135460E-008
     2938000  4.2752124963379752E-007  5.7466375374330690E-008
     2940000  4.5606389244764776E-007  4.4634038039443088E-008
     2942000  4.7501543025085370E-007  3.2408679917606663E-008
     2944000  4.8398103105124693E-007  2.2742208184493903E-008
     2946000  4.8287111539271476E-007  1.7820077550455208E-008
     2948000  4.7187782101185798E-007  2.3610095449973351E-008
     2950000  4.5146028219053706E-007  3.5069416290474631E-008
     2952000  4.2233642393676005E-007  4.6789716967022053E-008
     2954000  3.8548472448753170E-007  5.7735507867497210E-008
     2956000  3.4216769870435010E-007  6.7466033083248255E-008
     2958000  2.9400744314092316E-007  7.5670231579840129E-008
     2960000  2.4319335980574073E-007  8.2153879567984236E-008
     2962000  1.9304305415502286E-007  8.6783205175767350E-008
     2964000  1.4946208832585479E-007  8.9477570090785856E-008
     2966000  1.2341736751446799E-007  9.0206998556795256E-008
     2968000  1.2688662184632699E-007  8.8990102327726911E-008
     2970000  1.5620355564774771E-007  8.5896616108869398E-008
     2972000  1.9737970469079719E-007  8.1030881174910938E-008
     2974000  2.4105135967412373E-007  7.4542648169859132E-008
     2976000  2.8254631827478928E-007  6.6626924720682175E-008
     2978000  3.1934709764592161E-007  5.7533370762996236E-008
     2980000  3.4992294562112618E-007  4.7608396098023873E-008
     2982000  3.7328494532552774E-007  3.7297838302190534E-008
     2984000  3.8880962316013111E-007  2.7292340973272643E-008
     2986000  3.9616275983818841E-007  1.9313933926654718E-008
     2988000  3.9526263049613480E-007  1.5264343202920623E-008
     2990000  3.8625959352157846E-007  1.9588516108964312E-008
     2992000  3.6952325731269343E-007  2.8790126793720160E-008
     2994000  3.4563506761815751E-007  3.8269278461598988E-008
     2996000  3.1538889707576359E-007  4.7155482880672069E-008
     2998000  2.7980895100369234E-007  5.5102269451156246E-008
     3000000  2.4020940028215620E-007  6.1835160112139336E-008
     3002000  1.9836088903372881E-007  6.7169036916264903E-008
     3004000  1.5694734414563338E-007  7.0990169091901904E-008
     3006000  1.2078638677111032E-007  7.3232781980312302E-008
     3008000  9.9025430586254015E-008  7.3868906271276861E-008
Nu_global =  1.6534975538818479E+001
Nu_hot    =  1.6537963270236986E+001
Nu_cold   =  1.6537963270237007E+001
Nu_middle =  1.6534999735805037E+001
Nu_hot_max =  3.9840498197208746E+001  y_max =  1.7306491389736903E-002
Nu_hot_min =  1.3415473122053072E+000  y_min =  9.9852570031842858E-001
u_mid_max =  1.4852124177618404E+002 at y =  8.7908243946908116E-001 on x_mid =  5.0000000000000000E-001
v_mid_max =  6.9977219428779154E+002 at x =  2.1425884003974691E-002 on y_mid =  5.0000000000000000E-001
abs(psi_center_coarse) =  2.9371645553766715E+001
abs(psi_center_fine) =  2.9371645557463733E+001
max(|psi|) =  3.0174558167922896E+001  x* =  8.6000000000000007E-002  y* =  5.5549999999999999E-001
NuVolAvg =  1.6534966734740127E+001
ReVolAvg =  2.2996891764850329E+002
